Built target ament_cmake_python_copy_mocap_teleop
running egg_info
writing mocap_teleop.egg-info/PKG-INFO
writing dependency_links to mocap_teleop.egg-info/dependency_links.txt
writing top-level names to mocap_teleop.egg-info/top_level.txt
reading manifest file 'mocap_teleop.egg-info/SOURCES.txt'
writing manifest file 'mocap_teleop.egg-info/SOURCES.txt'
Built target ament_cmake_python_build_mocap_teleop_egg
-- Install configuration: ""
-- Up-to-date: /home/nwsutton/ros_ws/src/mocap_teleop/install/mocap_teleop/share/mocap_teleop/environment/pythonpath.sh
-- Up-to-date: /home/nwsutton/ros_ws/src/mocap_teleop/install/mocap_teleop/share/mocap_teleop/environment/pythonpath.dsv
-- Up-to-date: /home/nwsutton/ros_ws/src/mocap_teleop/install/mocap_teleop/lib/python3.12/site-packages/mocap_teleop-0.0.1-py3.12.egg-info
-- Installing: /home/nwsutton/ros_ws/src/mocap_teleop/install/mocap_teleop/lib/python3.12/site-packages/mocap_teleop-0.0.1-py3.12.egg-info/PKG-INFO
-- Installing: /home/nwsutton/ros_ws/src/mocap_teleop/install/mocap_teleop/lib/python3.12/site-packages/mocap_teleop-0.0.1-py3.12.egg-info/dependency_links.txt
-- Installing: /home/nwsutton/ros_ws/src/mocap_teleop/install/mocap_teleop/lib/python3.12/site-packages/mocap_teleop-0.0.1-py3.12.egg-info/top_level.txt
-- Installing: /home/nwsutton/ros_ws/src/mocap_teleop/install/mocap_teleop/lib/python3.12/site-packages/mocap_teleop-0.0.1-py3.12.egg-info/SOURCES.txt
-- Up-to-date: /home/nwsutton/ros_ws/src/mocap_teleop/install/mocap_teleop/lib/python3.12/site-packages/mocap_teleop
-- Up-to-date: /home/nwsutton/ros_ws/src/mocap_teleop/install/mocap_teleop/lib/python3.12/site-packages/mocap_teleop/__init__.py
-- Up-to-date: /home/nwsutton/ros_ws/src/mocap_teleop/install/mocap_teleop/lib/python3.12/site-packages/mocap_teleop/mapper
-- Up-to-date: /home/nwsutton/ros_ws/src/mocap_teleop/install/mocap_teleop/lib/python3.12/site-packages/mocap_teleop/mapper/__init__.py
-- Installing: /home/nwsutton/ros_ws/src/mocap_teleop/install/mocap_teleop/lib/python3.12/site-packages/mocap_teleop/mapper/motion_mapper.py
-- Up-to-date: /home/nwsutton/ros_ws/src/mocap_teleop/install/mocap_teleop/lib/python3.12/site-packages/mocap_teleop/networking
-- Up-to-date: /home/nwsutton/ros_ws/src/mocap_teleop/install/mocap_teleop/lib/python3.12/site-packages/mocap_teleop/networking/__init__.py
-- Up-to-date: /home/nwsutton/ros_ws/src/mocap_teleop/install/mocap_teleop/lib/python3.12/site-packages/mocap_teleop/networking/natnet_node.py
-- Up-to-date: /home/nwsutton/ros_ws/src/mocap_teleop/install/mocap_teleop/lib/python3.12/site-packages/mocap_teleop/ctrl
-- Up-to-date: /home/nwsutton/ros_ws/src/mocap_teleop/install/mocap_teleop/lib/python3.12/site-packages/mocap_teleop/ctrl/__init__.py
-- Up-to-date: /home/nwsutton/ros_ws/src/mocap_teleop/install/mocap_teleop/lib/python3.12/site-packages/mocap_teleop/ctrl/ctrl_interface.py
-- Installing: /home/nwsutton/ros_ws/src/mocap_teleop/install/mocap_teleop/lib/python3.12/site-packages/mocap_teleop/ctrl/alpha_net.py
-- Installing: /home/nwsutton/ros_ws/src/mocap_teleop/install/mocap_teleop/lib/python3.12/site-packages/mocap_teleop/ctrl/simulator.py
-- Installing: /home/nwsutton/ros_ws/src/mocap_teleop/install/mocap_teleop/lib/python3.12/site-packages/mocap_teleop/ctrl/train.py
-- Installing: /home/nwsutton/ros_ws/src/mocap_teleop/install/mocap_teleop/lib/python3.12/site-packages/mocap_teleop/ctrl/cbf_qp.py
-- Up-to-date: /home/nwsutton/ros_ws/src/mocap_teleop/install/mocap_teleop/lib/python3.12/site-packages/mocap_teleop/model
-- Up-to-date: /home/nwsutton/ros_ws/src/mocap_teleop/install/mocap_teleop/lib/python3.12/site-packages/mocap_teleop/model/ModelV1.pth
-- Up-to-date: /home/nwsutton/ros_ws/src/mocap_teleop/install/mocap_teleop/lib/python3.12/site-packages/mocap_teleop/model/train.py
-- Up-to-date: /home/nwsutton/ros_ws/src/mocap_teleop/install/mocap_teleop/lib/python3.12/site-packages/mocap_teleop/model/__init__.py
-- Up-to-date: /home/nwsutton/ros_ws/src/mocap_teleop/install/mocap_teleop/lib/python3.12/site-packages/mocap_teleop/model/gait_classifier.py
-- Up-to-date: /home/nwsutton/ros_ws/src/mocap_teleop/install/mocap_teleop/lib/python3.12/site-packages/mocap_teleop/util
-- Up-to-date: /home/nwsutton/ros_ws/src/mocap_teleop/install/mocap_teleop/lib/python3.12/site-packages/mocap_teleop/util/transforms.py
-- Up-to-date: /home/nwsutton/ros_ws/src/mocap_teleop/install/mocap_teleop/lib/python3.12/site-packages/mocap_teleop/util/__init__.py
-- Up-to-date: /home/nwsutton/ros_ws/src/mocap_teleop/install/mocap_teleop/lib/python3.12/site-packages/mocap_teleop/util/freq_meter.py
-- Installing: /home/nwsutton/ros_ws/src/mocap_teleop/install/mocap_teleop/lib/python3.12/site-packages/mocap_teleop/util/performance_metrics.py
-- Installing: /home/nwsutton/ros_ws/src/mocap_teleop/install/mocap_teleop/lib/python3.12/site-packages/mocap_teleop/util/io_parser.py
-- Up-to-date: /home/nwsutton/ros_ws/src/mocap_teleop/install/mocap_teleop/lib/python3.12/site-packages/mocap_teleop/state
-- Up-to-date: /home/nwsutton/ros_ws/src/mocap_teleop/install/mocap_teleop/lib/python3.12/site-packages/mocap_teleop/state/human.py
-- Up-to-date: /home/nwsutton/ros_ws/src/mocap_teleop/install/mocap_teleop/lib/python3.12/site-packages/mocap_teleop/state/__init__.py
-- Up-to-date: /home/nwsutton/ros_ws/src/mocap_teleop/install/mocap_teleop/lib/python3.12/site-packages/mocap_teleop/modes
-- Up-to-date: /home/nwsutton/ros_ws/src/mocap_teleop/install/mocap_teleop/lib/python3.12/site-packages/mocap_teleop/modes/online_node.py
-- Up-to-date: /home/nwsutton/ros_ws/src/mocap_teleop/install/mocap_teleop/lib/python3.12/site-packages/mocap_teleop/modes/__init__.py
-- Installing: /home/nwsutton/ros_ws/src/mocap_teleop/install/mocap_teleop/lib/python3.12/site-packages/mocap_teleop/modes/offline_node.py
-- Installing: /home/nwsutton/ros_ws/src/mocap_teleop/install/mocap_teleop/lib/python3.12/site-packages/mocap_teleop/teleop_node.py
Listing '/home/nwsutton/ros_ws/src/mocap_teleop/install/mocap_teleop/lib/python3.12/site-packages/mocap_teleop'...
Listing '/home/nwsutton/ros_ws/src/mocap_teleop/install/mocap_teleop/lib/python3.12/site-packages/mocap_teleop/ctrl'...
Compiling '/home/nwsutton/ros_ws/src/mocap_teleop/install/mocap_teleop/lib/python3.12/site-packages/mocap_teleop/ctrl/alpha_net.py'...
Compiling '/home/nwsutton/ros_ws/src/mocap_teleop/install/mocap_teleop/lib/python3.12/site-packages/mocap_teleop/ctrl/cbf_qp.py'...
Compiling '/home/nwsutton/ros_ws/src/mocap_teleop/install/mocap_teleop/lib/python3.12/site-packages/mocap_teleop/ctrl/simulator.py'...
Compiling '/home/nwsutton/ros_ws/src/mocap_teleop/install/mocap_teleop/lib/python3.12/site-packages/mocap_teleop/ctrl/train.py'...
Listing '/home/nwsutton/ros_ws/src/mocap_teleop/install/mocap_teleop/lib/python3.12/site-packages/mocap_teleop/mapper'...
Compiling '/home/nwsutton/ros_ws/src/mocap_teleop/install/mocap_teleop/lib/python3.12/site-packages/mocap_teleop/mapper/motion_mapper.py'...
Listing '/home/nwsutton/ros_ws/src/mocap_teleop/install/mocap_teleop/lib/python3.12/site-packages/mocap_teleop/model'...
Listing '/home/nwsutton/ros_ws/src/mocap_teleop/install/mocap_teleop/lib/python3.12/site-packages/mocap_teleop/modes'...
Compiling '/home/nwsutton/ros_ws/src/mocap_teleop/install/mocap_teleop/lib/python3.12/site-packages/mocap_teleop/modes/offline_node.py'...
Listing '/home/nwsutton/ros_ws/src/mocap_teleop/install/mocap_teleop/lib/python3.12/site-packages/mocap_teleop/networking'...
Listing '/home/nwsutton/ros_ws/src/mocap_teleop/install/mocap_teleop/lib/python3.12/site-packages/mocap_teleop/state'...
Compiling '/home/nwsutton/ros_ws/src/mocap_teleop/install/mocap_teleop/lib/python3.12/site-packages/mocap_teleop/teleop_node.py'...
Listing '/home/nwsutton/ros_ws/src/mocap_teleop/install/mocap_teleop/lib/python3.12/site-packages/mocap_teleop/util'...
Compiling '/home/nwsutton/ros_ws/src/mocap_teleop/install/mocap_teleop/lib/python3.12/site-packages/mocap_teleop/util/io_parser.py'...
Compiling '/home/nwsutton/ros_ws/src/mocap_teleop/install/mocap_teleop/lib/python3.12/site-packages/mocap_teleop/util/performance_metrics.py'...
-- Up-to-date: /home/nwsutton/ros_ws/src/mocap_teleop/install/mocap_teleop/lib/mocap_teleop/online_node.py
-- Installing: /home/nwsutton/ros_ws/src/mocap_teleop/install/mocap_teleop/lib/mocap_teleop/teleop_node.py
-- Installing: /home/nwsutton/ros_ws/src/mocap_teleop/install/mocap_teleop/lib/mocap_teleop/offline_node.py
-- Up-to-date: /home/nwsutton/ros_ws/src/mocap_teleop/install/mocap_teleop/share/mocap_teleop/launch
-- Up-to-date: /home/nwsutton/ros_ws/src/mocap_teleop/install/mocap_teleop/share/mocap_teleop/launch/teleop_offline.launch.py
-- Up-to-date: /home/nwsutton/ros_ws/src/mocap_teleop/install/mocap_teleop/share/mocap_teleop/launch/teleop_online.launch.py
-- Up-to-date: /home/nwsutton/ros_ws/src/mocap_teleop/install/mocap_teleop/share/mocap_teleop/config
-- Installing: /home/nwsutton/ros_ws/src/mocap_teleop/install/mocap_teleop/share/mocap_teleop/config/config.toml
-- Up-to-date: /home/nwsutton/ros_ws/src/mocap_teleop/install/mocap_teleop/share/ament_index/resource_index/package_run_dependencies/mocap_teleop
-- Up-to-date: /home/nwsutton/ros_ws/src/mocap_teleop/install/mocap_teleop/share/ament_index/resource_index/parent_prefix_path/mocap_teleop
-- Up-to-date: /home/nwsutton/ros_ws/src/mocap_teleop/install/mocap_teleop/share/mocap_teleop/environment/ament_prefix_path.sh
-- Up-to-date: /home/nwsutton/ros_ws/src/mocap_teleop/install/mocap_teleop/share/mocap_teleop/environment/ament_prefix_path.dsv
-- Up-to-date: /home/nwsutton/ros_ws/src/mocap_teleop/install/mocap_teleop/share/mocap_teleop/environment/path.sh
-- Up-to-date: /home/nwsutton/ros_ws/src/mocap_teleop/install/mocap_teleop/share/mocap_teleop/environment/path.dsv
-- Up-to-date: /home/nwsutton/ros_ws/src/mocap_teleop/install/mocap_teleop/share/mocap_teleop/local_setup.bash
-- Up-to-date: /home/nwsutton/ros_ws/src/mocap_teleop/install/mocap_teleop/share/mocap_teleop/local_setup.sh
-- Up-to-date: /home/nwsutton/ros_ws/src/mocap_teleop/install/mocap_teleop/share/mocap_teleop/local_setup.zsh
-- Up-to-date: /home/nwsutton/ros_ws/src/mocap_teleop/install/mocap_teleop/share/mocap_teleop/local_setup.dsv
-- Installing: /home/nwsutton/ros_ws/src/mocap_teleop/install/mocap_teleop/share/mocap_teleop/package.dsv
-- Up-to-date: /home/nwsutton/ros_ws/src/mocap_teleop/install/mocap_teleop/share/ament_index/resource_index/packages/mocap_teleop
-- Up-to-date: /home/nwsutton/ros_ws/src/mocap_teleop/install/mocap_teleop/share/mocap_teleop/cmake/mocap_teleopConfig.cmake
-- Up-to-date: /home/nwsutton/ros_ws/src/mocap_teleop/install/mocap_teleop/share/mocap_teleop/cmake/mocap_teleopConfig-version.cmake
-- Up-to-date: /home/nwsutton/ros_ws/src/mocap_teleop/install/mocap_teleop/share/mocap_teleop/package.xml
