[0.017s] Invoking command in '/home/nwsutton/ros_ws/src/mocap_teleop/build/mocap_teleop': CMAKE_PREFIX_PATH=${CMAKE_PREFIX_PATH}:/home/*your_unity_id*/*your_workspace_name*/install/csc495_003_p1_tfsexport CONDA_PROMPT_MODIFIER=(base) DEBUGINFOD_URLS=https://debuginfod.fedoraproject.org/ PS1=(base) \[\e[1m\]\u@\h\[\e[0m\][./\W]\[\e[1m\]\\$\[\e[0m\] /usr/bin/cmake --build /home/nwsutton/ros_ws/src/mocap_teleop/build/mocap_teleop -- -j16 -l16
[0.249s] Built target ament_cmake_python_copy_mocap_teleop
[0.545s] running egg_info
[0.564s] writing mocap_teleop.egg-info/PKG-INFO
[0.565s] writing dependency_links to mocap_teleop.egg-info/dependency_links.txt
[0.565s] writing top-level names to mocap_teleop.egg-info/top_level.txt
[0.620s] reading manifest file 'mocap_teleop.egg-info/SOURCES.txt'
[0.621s] writing manifest file 'mocap_teleop.egg-info/SOURCES.txt'
[0.664s] Built target ament_cmake_python_build_mocap_teleop_egg
[0.684s] Invoked command in '/home/nwsutton/ros_ws/src/mocap_teleop/build/mocap_teleop' returned '0': CMAKE_PREFIX_PATH=${CMAKE_PREFIX_PATH}:/home/*your_unity_id*/*your_workspace_name*/install/csc495_003_p1_tfsexport CONDA_PROMPT_MODIFIER=(base) DEBUGINFOD_URLS=https://debuginfod.fedoraproject.org/ PS1=(base) \[\e[1m\]\u@\h\[\e[0m\][./\W]\[\e[1m\]\\$\[\e[0m\] /usr/bin/cmake --build /home/nwsutton/ros_ws/src/mocap_teleop/build/mocap_teleop -- -j16 -l16
[0.703s] Invoking command in '/home/nwsutton/ros_ws/src/mocap_teleop/build/mocap_teleop': CMAKE_PREFIX_PATH=${CMAKE_PREFIX_PATH}:/home/*your_unity_id*/*your_workspace_name*/install/csc495_003_p1_tfsexport CONDA_PROMPT_MODIFIER=(base) DEBUGINFOD_URLS=https://debuginfod.fedoraproject.org/ PS1=(base) \[\e[1m\]\u@\h\[\e[0m\][./\W]\[\e[1m\]\\$\[\e[0m\] /usr/bin/cmake --install /home/nwsutton/ros_ws/src/mocap_teleop/build/mocap_teleop
[0.725s] -- Install configuration: ""
[0.725s] -- Up-to-date: /home/nwsutton/ros_ws/src/mocap_teleop/install/mocap_teleop/share/mocap_teleop/environment/pythonpath.sh
[0.726s] -- Up-to-date: /home/nwsutton/ros_ws/src/mocap_teleop/install/mocap_teleop/share/mocap_teleop/environment/pythonpath.dsv
[0.726s] -- Up-to-date: /home/nwsutton/ros_ws/src/mocap_teleop/install/mocap_teleop/lib/python3.12/site-packages/mocap_teleop-0.0.1-py3.12.egg-info
[0.726s] -- Installing: /home/nwsutton/ros_ws/src/mocap_teleop/install/mocap_teleop/lib/python3.12/site-packages/mocap_teleop-0.0.1-py3.12.egg-info/PKG-INFO
[0.726s] -- Installing: /home/nwsutton/ros_ws/src/mocap_teleop/install/mocap_teleop/lib/python3.12/site-packages/mocap_teleop-0.0.1-py3.12.egg-info/dependency_links.txt
[0.726s] -- Installing: /home/nwsutton/ros_ws/src/mocap_teleop/install/mocap_teleop/lib/python3.12/site-packages/mocap_teleop-0.0.1-py3.12.egg-info/top_level.txt
[0.727s] -- Installing: /home/nwsutton/ros_ws/src/mocap_teleop/install/mocap_teleop/lib/python3.12/site-packages/mocap_teleop-0.0.1-py3.12.egg-info/SOURCES.txt
[0.727s] -- Up-to-date: /home/nwsutton/ros_ws/src/mocap_teleop/install/mocap_teleop/lib/python3.12/site-packages/mocap_teleop
[0.727s] -- Up-to-date: /home/nwsutton/ros_ws/src/mocap_teleop/install/mocap_teleop/lib/python3.12/site-packages/mocap_teleop/__init__.py
[0.727s] -- Up-to-date: /home/nwsutton/ros_ws/src/mocap_teleop/install/mocap_teleop/lib/python3.12/site-packages/mocap_teleop/mapper
[0.727s] -- Up-to-date: /home/nwsutton/ros_ws/src/mocap_teleop/install/mocap_teleop/lib/python3.12/site-packages/mocap_teleop/mapper/__init__.py
[0.727s] -- Installing: /home/nwsutton/ros_ws/src/mocap_teleop/install/mocap_teleop/lib/python3.12/site-packages/mocap_teleop/mapper/motion_mapper.py
[0.727s] -- Up-to-date: /home/nwsutton/ros_ws/src/mocap_teleop/install/mocap_teleop/lib/python3.12/site-packages/mocap_teleop/networking
[0.728s] -- Up-to-date: /home/nwsutton/ros_ws/src/mocap_teleop/install/mocap_teleop/lib/python3.12/site-packages/mocap_teleop/networking/__init__.py
[0.728s] -- Up-to-date: /home/nwsutton/ros_ws/src/mocap_teleop/install/mocap_teleop/lib/python3.12/site-packages/mocap_teleop/networking/natnet_node.py
[0.728s] -- Up-to-date: /home/nwsutton/ros_ws/src/mocap_teleop/install/mocap_teleop/lib/python3.12/site-packages/mocap_teleop/ctrl
[0.728s] -- Up-to-date: /home/nwsutton/ros_ws/src/mocap_teleop/install/mocap_teleop/lib/python3.12/site-packages/mocap_teleop/ctrl/__init__.py
[0.728s] -- Up-to-date: /home/nwsutton/ros_ws/src/mocap_teleop/install/mocap_teleop/lib/python3.12/site-packages/mocap_teleop/ctrl/ctrl_interface.py
[0.728s] -- Installing: /home/nwsutton/ros_ws/src/mocap_teleop/install/mocap_teleop/lib/python3.12/site-packages/mocap_teleop/ctrl/alpha_net.py
[0.729s] -- Installing: /home/nwsutton/ros_ws/src/mocap_teleop/install/mocap_teleop/lib/python3.12/site-packages/mocap_teleop/ctrl/simulator.py
[0.729s] -- Installing: /home/nwsutton/ros_ws/src/mocap_teleop/install/mocap_teleop/lib/python3.12/site-packages/mocap_teleop/ctrl/train.py
[0.729s] -- Installing: /home/nwsutton/ros_ws/src/mocap_teleop/install/mocap_teleop/lib/python3.12/site-packages/mocap_teleop/ctrl/cbf_qp.py
[0.729s] -- Up-to-date: /home/nwsutton/ros_ws/src/mocap_teleop/install/mocap_teleop/lib/python3.12/site-packages/mocap_teleop/model
[0.729s] -- Up-to-date: /home/nwsutton/ros_ws/src/mocap_teleop/install/mocap_teleop/lib/python3.12/site-packages/mocap_teleop/model/ModelV1.pth
[0.729s] -- Up-to-date: /home/nwsutton/ros_ws/src/mocap_teleop/install/mocap_teleop/lib/python3.12/site-packages/mocap_teleop/model/train.py
[0.729s] -- Up-to-date: /home/nwsutton/ros_ws/src/mocap_teleop/install/mocap_teleop/lib/python3.12/site-packages/mocap_teleop/model/__init__.py
[0.730s] -- Up-to-date: /home/nwsutton/ros_ws/src/mocap_teleop/install/mocap_teleop/lib/python3.12/site-packages/mocap_teleop/model/gait_classifier.py
[0.730s] -- Up-to-date: /home/nwsutton/ros_ws/src/mocap_teleop/install/mocap_teleop/lib/python3.12/site-packages/mocap_teleop/util
[0.730s] -- Up-to-date: /home/nwsutton/ros_ws/src/mocap_teleop/install/mocap_teleop/lib/python3.12/site-packages/mocap_teleop/util/transforms.py
[0.730s] -- Up-to-date: /home/nwsutton/ros_ws/src/mocap_teleop/install/mocap_teleop/lib/python3.12/site-packages/mocap_teleop/util/__init__.py
[0.730s] -- Up-to-date: /home/nwsutton/ros_ws/src/mocap_teleop/install/mocap_teleop/lib/python3.12/site-packages/mocap_teleop/util/freq_meter.py
[0.730s] -- Installing: /home/nwsutton/ros_ws/src/mocap_teleop/install/mocap_teleop/lib/python3.12/site-packages/mocap_teleop/util/performance_metrics.py
[0.731s] -- Installing: /home/nwsutton/ros_ws/src/mocap_teleop/install/mocap_teleop/lib/python3.12/site-packages/mocap_teleop/util/io_parser.py
[0.731s] -- Up-to-date: /home/nwsutton/ros_ws/src/mocap_teleop/install/mocap_teleop/lib/python3.12/site-packages/mocap_teleop/state
[0.731s] -- Up-to-date: /home/nwsutton/ros_ws/src/mocap_teleop/install/mocap_teleop/lib/python3.12/site-packages/mocap_teleop/state/human.py
[0.731s] -- Up-to-date: /home/nwsutton/ros_ws/src/mocap_teleop/install/mocap_teleop/lib/python3.12/site-packages/mocap_teleop/state/__init__.py
[0.731s] -- Up-to-date: /home/nwsutton/ros_ws/src/mocap_teleop/install/mocap_teleop/lib/python3.12/site-packages/mocap_teleop/modes
[0.731s] -- Up-to-date: /home/nwsutton/ros_ws/src/mocap_teleop/install/mocap_teleop/lib/python3.12/site-packages/mocap_teleop/modes/online_node.py
[0.731s] -- Up-to-date: /home/nwsutton/ros_ws/src/mocap_teleop/install/mocap_teleop/lib/python3.12/site-packages/mocap_teleop/modes/__init__.py
[0.731s] -- Installing: /home/nwsutton/ros_ws/src/mocap_teleop/install/mocap_teleop/lib/python3.12/site-packages/mocap_teleop/modes/offline_node.py
[0.731s] -- Installing: /home/nwsutton/ros_ws/src/mocap_teleop/install/mocap_teleop/lib/python3.12/site-packages/mocap_teleop/teleop_node.py
[0.835s] Listing '/home/nwsutton/ros_ws/src/mocap_teleop/install/mocap_teleop/lib/python3.12/site-packages/mocap_teleop'...
[0.835s] Listing '/home/nwsutton/ros_ws/src/mocap_teleop/install/mocap_teleop/lib/python3.12/site-packages/mocap_teleop/ctrl'...
[0.835s] Compiling '/home/nwsutton/ros_ws/src/mocap_teleop/install/mocap_teleop/lib/python3.12/site-packages/mocap_teleop/ctrl/alpha_net.py'...
[0.835s] Compiling '/home/nwsutton/ros_ws/src/mocap_teleop/install/mocap_teleop/lib/python3.12/site-packages/mocap_teleop/ctrl/cbf_qp.py'...
[0.835s] Compiling '/home/nwsutton/ros_ws/src/mocap_teleop/install/mocap_teleop/lib/python3.12/site-packages/mocap_teleop/ctrl/simulator.py'...
[0.836s] Compiling '/home/nwsutton/ros_ws/src/mocap_teleop/install/mocap_teleop/lib/python3.12/site-packages/mocap_teleop/ctrl/train.py'...
[0.836s] Listing '/home/nwsutton/ros_ws/src/mocap_teleop/install/mocap_teleop/lib/python3.12/site-packages/mocap_teleop/mapper'...
[0.836s] Compiling '/home/nwsutton/ros_ws/src/mocap_teleop/install/mocap_teleop/lib/python3.12/site-packages/mocap_teleop/mapper/motion_mapper.py'...
[0.836s] Listing '/home/nwsutton/ros_ws/src/mocap_teleop/install/mocap_teleop/lib/python3.12/site-packages/mocap_teleop/model'...
[0.836s] Listing '/home/nwsutton/ros_ws/src/mocap_teleop/install/mocap_teleop/lib/python3.12/site-packages/mocap_teleop/modes'...
[0.836s] Compiling '/home/nwsutton/ros_ws/src/mocap_teleop/install/mocap_teleop/lib/python3.12/site-packages/mocap_teleop/modes/offline_node.py'...
[0.836s] Listing '/home/nwsutton/ros_ws/src/mocap_teleop/install/mocap_teleop/lib/python3.12/site-packages/mocap_teleop/networking'...
[0.837s] Listing '/home/nwsutton/ros_ws/src/mocap_teleop/install/mocap_teleop/lib/python3.12/site-packages/mocap_teleop/state'...
[0.837s] Compiling '/home/nwsutton/ros_ws/src/mocap_teleop/install/mocap_teleop/lib/python3.12/site-packages/mocap_teleop/teleop_node.py'...
[0.837s] Listing '/home/nwsutton/ros_ws/src/mocap_teleop/install/mocap_teleop/lib/python3.12/site-packages/mocap_teleop/util'...
[0.837s] Compiling '/home/nwsutton/ros_ws/src/mocap_teleop/install/mocap_teleop/lib/python3.12/site-packages/mocap_teleop/util/io_parser.py'...
[0.837s] Compiling '/home/nwsutton/ros_ws/src/mocap_teleop/install/mocap_teleop/lib/python3.12/site-packages/mocap_teleop/util/performance_metrics.py'...
[0.846s] -- Up-to-date: /home/nwsutton/ros_ws/src/mocap_teleop/install/mocap_teleop/lib/mocap_teleop/online_node.py
[0.847s] -- Installing: /home/nwsutton/ros_ws/src/mocap_teleop/install/mocap_teleop/lib/mocap_teleop/teleop_node.py
[0.847s] -- Installing: /home/nwsutton/ros_ws/src/mocap_teleop/install/mocap_teleop/lib/mocap_teleop/offline_node.py
[0.847s] -- Up-to-date: /home/nwsutton/ros_ws/src/mocap_teleop/install/mocap_teleop/share/mocap_teleop/launch
[0.848s] -- Up-to-date: /home/nwsutton/ros_ws/src/mocap_teleop/install/mocap_teleop/share/mocap_teleop/launch/teleop_offline.launch.py
[0.848s] -- Up-to-date: /home/nwsutton/ros_ws/src/mocap_teleop/install/mocap_teleop/share/mocap_teleop/launch/teleop_online.launch.py
[0.848s] -- Up-to-date: /home/nwsutton/ros_ws/src/mocap_teleop/install/mocap_teleop/share/mocap_teleop/config
[0.848s] -- Installing: /home/nwsutton/ros_ws/src/mocap_teleop/install/mocap_teleop/share/mocap_teleop/config/config.toml
[0.849s] -- Up-to-date: /home/nwsutton/ros_ws/src/mocap_teleop/install/mocap_teleop/share/ament_index/resource_index/package_run_dependencies/mocap_teleop
[0.849s] -- Up-to-date: /home/nwsutton/ros_ws/src/mocap_teleop/install/mocap_teleop/share/ament_index/resource_index/parent_prefix_path/mocap_teleop
[0.849s] -- Up-to-date: /home/nwsutton/ros_ws/src/mocap_teleop/install/mocap_teleop/share/mocap_teleop/environment/ament_prefix_path.sh
[0.849s] -- Up-to-date: /home/nwsutton/ros_ws/src/mocap_teleop/install/mocap_teleop/share/mocap_teleop/environment/ament_prefix_path.dsv
[0.849s] -- Up-to-date: /home/nwsutton/ros_ws/src/mocap_teleop/install/mocap_teleop/share/mocap_teleop/environment/path.sh
[0.849s] -- Up-to-date: /home/nwsutton/ros_ws/src/mocap_teleop/install/mocap_teleop/share/mocap_teleop/environment/path.dsv
[0.850s] -- Up-to-date: /home/nwsutton/ros_ws/src/mocap_teleop/install/mocap_teleop/share/mocap_teleop/local_setup.bash
[0.850s] -- Up-to-date: /home/nwsutton/ros_ws/src/mocap_teleop/install/mocap_teleop/share/mocap_teleop/local_setup.sh
[0.850s] -- Up-to-date: /home/nwsutton/ros_ws/src/mocap_teleop/install/mocap_teleop/share/mocap_teleop/local_setup.zsh
[0.850s] -- Up-to-date: /home/nwsutton/ros_ws/src/mocap_teleop/install/mocap_teleop/share/mocap_teleop/local_setup.dsv
[0.850s] -- Installing: /home/nwsutton/ros_ws/src/mocap_teleop/install/mocap_teleop/share/mocap_teleop/package.dsv
[0.850s] -- Up-to-date: /home/nwsutton/ros_ws/src/mocap_teleop/install/mocap_teleop/share/ament_index/resource_index/packages/mocap_teleop
[0.850s] -- Up-to-date: /home/nwsutton/ros_ws/src/mocap_teleop/install/mocap_teleop/share/mocap_teleop/cmake/mocap_teleopConfig.cmake
[0.850s] -- Up-to-date: /home/nwsutton/ros_ws/src/mocap_teleop/install/mocap_teleop/share/mocap_teleop/cmake/mocap_teleopConfig-version.cmake
[0.851s] -- Up-to-date: /home/nwsutton/ros_ws/src/mocap_teleop/install/mocap_teleop/share/mocap_teleop/package.xml
[0.855s] Invoked command in '/home/nwsutton/ros_ws/src/mocap_teleop/build/mocap_teleop' returned '0': CMAKE_PREFIX_PATH=${CMAKE_PREFIX_PATH}:/home/*your_unity_id*/*your_workspace_name*/install/csc495_003_p1_tfsexport CONDA_PROMPT_MODIFIER=(base) DEBUGINFOD_URLS=https://debuginfod.fedoraproject.org/ PS1=(base) \[\e[1m\]\u@\h\[\e[0m\][./\W]\[\e[1m\]\\$\[\e[0m\] /usr/bin/cmake --install /home/nwsutton/ros_ws/src/mocap_teleop/build/mocap_teleop
