[0.298s] DEBUG:colcon:Command line arguments: ['/usr/bin/colcon', 'build', '--packages-select', 'mocap_teleop']
[0.298s] DEBUG:colcon:Parsed command line arguments: Namespace(log_base=None, log_level=None, verb_name='build', build_base='build', install_base='install', merge_install=False, symlink_install=False, test_result_base=None, continue_on_error=False, executor='parallel', parallel_workers=16, event_handlers=None, ignore_user_meta=False, metas=['./colcon.meta'], base_paths=['.'], packages_ignore=None, packages_ignore_regex=None, paths=None, packages_up_to=None, packages_up_to_regex=None, packages_above=None, packages_above_and_dependencies=None, packages_above_depth=None, packages_select_by_dep=None, packages_skip_by_dep=None, packages_skip_up_to=None, packages_select_build_failed=False, packages_skip_build_finished=False, packages_select_test_failures=False, packages_skip_test_passed=False, packages_select=['mocap_teleop'], packages_skip=None, packages_select_regex=None, packages_skip_regex=None, packages_start=None, packages_end=None, allow_overriding=[], cmake_args=None, cmake_target=None, cmake_target_skip_unavailable=False, cmake_clean_cache=False, cmake_clean_first=False, cmake_force_configure=False, ament_cmake_args=None, catkin_cmake_args=None, catkin_skip_building_tests=False, mixin_files=None, mixin=None, verb_parser=<colcon_mixin.mixin.mixin_argument.MixinArgumentDecorator object at 0x7ff921a9db20>, verb_extension=<colcon_core.verb.build.BuildVerb object at 0x7ff920edec00>, main=<bound method BuildVerb.main of <colcon_core.verb.build.BuildVerb object at 0x7ff920edec00>>, mixin_verb=('build',))
[0.394s] Level 1:colcon.colcon_core.package_discovery:discover_packages(colcon_meta) check parameters
[0.394s] Level 1:colcon.colcon_core.package_discovery:discover_packages(recursive) check parameters
[0.394s] Level 1:colcon.colcon_core.package_discovery:discover_packages(ignore) check parameters
[0.394s] Level 1:colcon.colcon_core.package_discovery:discover_packages(path) check parameters
[0.394s] Level 1:colcon.colcon_core.package_discovery:discover_packages(colcon_meta) discover
[0.394s] Level 1:colcon.colcon_core.package_discovery:discover_packages(recursive) discover
[0.394s] INFO:colcon.colcon_core.package_discovery:Crawling recursively for packages in '/home/nwsutton/ros_ws/src/mocap_teleop'
[0.395s] Level 1:colcon.colcon_core.package_identification:_identify(.) by extensions ['ignore', 'ignore_ament_install']
[0.395s] Level 1:colcon.colcon_core.package_identification:_identify(.) by extension 'ignore'
[0.395s] Level 1:colcon.colcon_core.package_identification:_identify(.) by extension 'ignore_ament_install'
[0.395s] Level 1:colcon.colcon_core.package_identification:_identify(.) by extensions ['colcon_pkg']
[0.395s] Level 1:colcon.colcon_core.package_identification:_identify(.) by extension 'colcon_pkg'
[0.395s] Level 1:colcon.colcon_core.package_identification:_identify(.) by extensions ['colcon_meta']
[0.395s] Level 1:colcon.colcon_core.package_identification:_identify(.) by extension 'colcon_meta'
[0.395s] Level 1:colcon.colcon_core.package_identification:_identify(.) by extensions ['ros']
[0.395s] Level 1:colcon.colcon_core.package_identification:_identify(.) by extension 'ros'
[0.455s] DEBUG:colcon.colcon_core.package_identification:Package '.' with type 'ros.ament_cmake' and name 'mocap_teleop'
[0.456s] Level 1:colcon.colcon_core.package_discovery:discover_packages(recursive) using defaults
[0.456s] Level 1:colcon.colcon_core.package_discovery:discover_packages(ignore) discover
[0.456s] Level 1:colcon.colcon_core.package_discovery:discover_packages(ignore) using defaults
[0.456s] Level 1:colcon.colcon_core.package_discovery:discover_packages(path) discover
[0.456s] Level 1:colcon.colcon_core.package_discovery:discover_packages(path) using defaults
[0.496s] Level 1:colcon.colcon_core.package_discovery:discover_packages(prefix_path) check parameters
[0.496s] Level 1:colcon.colcon_core.package_discovery:discover_packages(prefix_path) discover
[0.498s] WARNING:colcon.colcon_ros.prefix_path.ament:The path '/home/*your_unity_id*/*your_workspace_name*/install/csc495_003_p1_tfsexport' in the environment variable AMENT_PREFIX_PATH doesn't exist
[0.499s] Level 1:colcon.colcon_core.package_discovery:discover_packages(prefix_path) using defaults
[0.501s] Level 5:colcon.colcon_core.verb:set package 'mocap_teleop' build argument 'cmake_args' from command line to 'None'
[0.501s] Level 5:colcon.colcon_core.verb:set package 'mocap_teleop' build argument 'cmake_target' from command line to 'None'
[0.501s] Level 5:colcon.colcon_core.verb:set package 'mocap_teleop' build argument 'cmake_target_skip_unavailable' from command line to 'False'
[0.501s] Level 5:colcon.colcon_core.verb:set package 'mocap_teleop' build argument 'cmake_clean_cache' from command line to 'False'
[0.501s] Level 5:colcon.colcon_core.verb:set package 'mocap_teleop' build argument 'cmake_clean_first' from command line to 'False'
[0.501s] Level 5:colcon.colcon_core.verb:set package 'mocap_teleop' build argument 'cmake_force_configure' from command line to 'False'
[0.501s] Level 5:colcon.colcon_core.verb:set package 'mocap_teleop' build argument 'ament_cmake_args' from command line to 'None'
[0.501s] Level 5:colcon.colcon_core.verb:set package 'mocap_teleop' build argument 'catkin_cmake_args' from command line to 'None'
[0.501s] Level 5:colcon.colcon_core.verb:set package 'mocap_teleop' build argument 'catkin_skip_building_tests' from command line to 'False'
[0.501s] DEBUG:colcon.colcon_core.verb:Building package 'mocap_teleop' with the following arguments: {'ament_cmake_args': None, 'build_base': '/home/nwsutton/ros_ws/src/mocap_teleop/build/mocap_teleop', 'catkin_cmake_args': None, 'catkin_skip_building_tests': False, 'cmake_args': None, 'cmake_clean_cache': False, 'cmake_clean_first': False, 'cmake_force_configure': False, 'cmake_target': None, 'cmake_target_skip_unavailable': False, 'install_base': '/home/nwsutton/ros_ws/src/mocap_teleop/install/mocap_teleop', 'merge_install': False, 'path': '/home/nwsutton/ros_ws/src/mocap_teleop', 'symlink_install': False, 'test_result_base': None}
[0.502s] INFO:colcon.colcon_core.executor:Executing jobs using 'parallel' executor
[0.503s] DEBUG:colcon.colcon_parallel_executor.executor.parallel:run_until_complete
[0.503s] INFO:colcon.colcon_ros.task.ament_cmake.build:Building ROS package in '/home/nwsutton/ros_ws/src/mocap_teleop' with build type 'ament_cmake'
[0.504s] INFO:colcon.colcon_cmake.task.cmake.build:Building CMake package in '/home/nwsutton/ros_ws/src/mocap_teleop'
[0.509s] INFO:colcon.colcon_core.plugin_system:Skipping extension 'colcon_core.shell.bat': Not used on non-Windows systems
[0.510s] INFO:colcon.colcon_core.shell:Skip shell extension 'powershell' for command environment: Not usable outside of PowerShell
[0.510s] DEBUG:colcon.colcon_core.shell:Skip shell extension 'dsv' for command environment
[0.522s] DEBUG:colcon.colcon_core.event_handler.log_command:Invoking command in '/home/nwsutton/ros_ws/src/mocap_teleop/build/mocap_teleop': CMAKE_PREFIX_PATH=${CMAKE_PREFIX_PATH}:/home/*your_unity_id*/*your_workspace_name*/install/csc495_003_p1_tfsexport CONDA_PROMPT_MODIFIER=(base) DEBUGINFOD_URLS=https://debuginfod.fedoraproject.org/ PS1=(base) \[\e[1m\]\u@\h\[\e[0m\][./\W]\[\e[1m\]\\$\[\e[0m\] /usr/bin/cmake --build /home/nwsutton/ros_ws/src/mocap_teleop/build/mocap_teleop -- -j16 -l16
[1.188s] DEBUG:colcon.colcon_core.event_handler.log_command:Invoked command in '/home/nwsutton/ros_ws/src/mocap_teleop/build/mocap_teleop' returned '0': CMAKE_PREFIX_PATH=${CMAKE_PREFIX_PATH}:/home/*your_unity_id*/*your_workspace_name*/install/csc495_003_p1_tfsexport CONDA_PROMPT_MODIFIER=(base) DEBUGINFOD_URLS=https://debuginfod.fedoraproject.org/ PS1=(base) \[\e[1m\]\u@\h\[\e[0m\][./\W]\[\e[1m\]\\$\[\e[0m\] /usr/bin/cmake --build /home/nwsutton/ros_ws/src/mocap_teleop/build/mocap_teleop -- -j16 -l16
[1.207s] DEBUG:colcon.colcon_core.event_handler.log_command:Invoking command in '/home/nwsutton/ros_ws/src/mocap_teleop/build/mocap_teleop': CMAKE_PREFIX_PATH=${CMAKE_PREFIX_PATH}:/home/*your_unity_id*/*your_workspace_name*/install/csc495_003_p1_tfsexport CONDA_PROMPT_MODIFIER=(base) DEBUGINFOD_URLS=https://debuginfod.fedoraproject.org/ PS1=(base) \[\e[1m\]\u@\h\[\e[0m\][./\W]\[\e[1m\]\\$\[\e[0m\] /usr/bin/cmake --install /home/nwsutton/ros_ws/src/mocap_teleop/build/mocap_teleop
[1.359s] Level 1:colcon.colcon_core.environment:create_environment_scripts_only(mocap_teleop)
[1.360s] DEBUG:colcon.colcon_core.event_handler.log_command:Invoked command in '/home/nwsutton/ros_ws/src/mocap_teleop/build/mocap_teleop' returned '0': CMAKE_PREFIX_PATH=${CMAKE_PREFIX_PATH}:/home/*your_unity_id*/*your_workspace_name*/install/csc495_003_p1_tfsexport CONDA_PROMPT_MODIFIER=(base) DEBUGINFOD_URLS=https://debuginfod.fedoraproject.org/ PS1=(base) \[\e[1m\]\u@\h\[\e[0m\][./\W]\[\e[1m\]\\$\[\e[0m\] /usr/bin/cmake --install /home/nwsutton/ros_ws/src/mocap_teleop/build/mocap_teleop
[1.366s] Level 1:colcon.colcon_core.environment:checking '/home/nwsutton/ros_ws/src/mocap_teleop/install/mocap_teleop' for CMake module files
[1.367s] Level 1:colcon.colcon_core.environment:checking '/home/nwsutton/ros_ws/src/mocap_teleop/install/mocap_teleop' for CMake config files
[1.368s] Level 1:colcon.colcon_core.shell:create_environment_hook('mocap_teleop', 'cmake_prefix_path')
[1.368s] INFO:colcon.colcon_core.shell:Creating environment hook '/home/nwsutton/ros_ws/src/mocap_teleop/install/mocap_teleop/share/mocap_teleop/hook/cmake_prefix_path.ps1'
[1.369s] INFO:colcon.colcon_core.shell:Creating environment descriptor '/home/nwsutton/ros_ws/src/mocap_teleop/install/mocap_teleop/share/mocap_teleop/hook/cmake_prefix_path.dsv'
[1.370s] INFO:colcon.colcon_core.shell:Creating environment hook '/home/nwsutton/ros_ws/src/mocap_teleop/install/mocap_teleop/share/mocap_teleop/hook/cmake_prefix_path.sh'
[1.372s] Level 1:colcon.colcon_core.environment:checking '/home/nwsutton/ros_ws/src/mocap_teleop/install/mocap_teleop/lib'
[1.372s] Level 1:colcon.colcon_core.environment:checking '/home/nwsutton/ros_ws/src/mocap_teleop/install/mocap_teleop/bin'
[1.372s] Level 1:colcon.colcon_core.environment:checking '/home/nwsutton/ros_ws/src/mocap_teleop/install/mocap_teleop/lib/pkgconfig/mocap_teleop.pc'
[1.377s] Level 1:colcon.colcon_core.environment:checking '/home/nwsutton/ros_ws/src/mocap_teleop/install/mocap_teleop/lib/python3.12/site-packages'
[1.377s] Level 1:colcon.colcon_core.shell:create_environment_hook('mocap_teleop', 'pythonpath')
[1.378s] INFO:colcon.colcon_core.shell:Creating environment hook '/home/nwsutton/ros_ws/src/mocap_teleop/install/mocap_teleop/share/mocap_teleop/hook/pythonpath.ps1'
[1.378s] INFO:colcon.colcon_core.shell:Creating environment descriptor '/home/nwsutton/ros_ws/src/mocap_teleop/install/mocap_teleop/share/mocap_teleop/hook/pythonpath.dsv'
[1.379s] INFO:colcon.colcon_core.shell:Creating environment hook '/home/nwsutton/ros_ws/src/mocap_teleop/install/mocap_teleop/share/mocap_teleop/hook/pythonpath.sh'
[1.380s] Level 1:colcon.colcon_core.environment:checking '/home/nwsutton/ros_ws/src/mocap_teleop/install/mocap_teleop/bin'
[1.380s] INFO:colcon.colcon_core.shell:Creating package script '/home/nwsutton/ros_ws/src/mocap_teleop/install/mocap_teleop/share/mocap_teleop/package.ps1'
[1.381s] INFO:colcon.colcon_core.shell:Creating package descriptor '/home/nwsutton/ros_ws/src/mocap_teleop/install/mocap_teleop/share/mocap_teleop/package.dsv'
[1.382s] INFO:colcon.colcon_core.shell:Creating package script '/home/nwsutton/ros_ws/src/mocap_teleop/install/mocap_teleop/share/mocap_teleop/package.sh'
[1.383s] INFO:colcon.colcon_core.shell:Creating package script '/home/nwsutton/ros_ws/src/mocap_teleop/install/mocap_teleop/share/mocap_teleop/package.bash'
[1.384s] INFO:colcon.colcon_core.shell:Creating package script '/home/nwsutton/ros_ws/src/mocap_teleop/install/mocap_teleop/share/mocap_teleop/package.zsh'
[1.385s] Level 1:colcon.colcon_core.environment:create_file_with_runtime_dependencies(/home/nwsutton/ros_ws/src/mocap_teleop/install/mocap_teleop/share/colcon-core/packages/mocap_teleop)
[1.386s] Level 1:colcon.colcon_core.environment:create_environment_scripts_only(mocap_teleop)
[1.386s] Level 1:colcon.colcon_core.environment:checking '/home/nwsutton/ros_ws/src/mocap_teleop/install/mocap_teleop' for CMake module files
[1.387s] Level 1:colcon.colcon_core.environment:checking '/home/nwsutton/ros_ws/src/mocap_teleop/install/mocap_teleop' for CMake config files
[1.387s] Level 1:colcon.colcon_core.shell:create_environment_hook('mocap_teleop', 'cmake_prefix_path')
[1.387s] INFO:colcon.colcon_core.shell:Creating environment hook '/home/nwsutton/ros_ws/src/mocap_teleop/install/mocap_teleop/share/mocap_teleop/hook/cmake_prefix_path.ps1'
[1.388s] INFO:colcon.colcon_core.shell:Creating environment descriptor '/home/nwsutton/ros_ws/src/mocap_teleop/install/mocap_teleop/share/mocap_teleop/hook/cmake_prefix_path.dsv'
[1.388s] INFO:colcon.colcon_core.shell:Creating environment hook '/home/nwsutton/ros_ws/src/mocap_teleop/install/mocap_teleop/share/mocap_teleop/hook/cmake_prefix_path.sh'
[1.389s] Level 1:colcon.colcon_core.environment:checking '/home/nwsutton/ros_ws/src/mocap_teleop/install/mocap_teleop/lib'
[1.389s] Level 1:colcon.colcon_core.environment:checking '/home/nwsutton/ros_ws/src/mocap_teleop/install/mocap_teleop/bin'
[1.390s] Level 1:colcon.colcon_core.environment:checking '/home/nwsutton/ros_ws/src/mocap_teleop/install/mocap_teleop/lib/pkgconfig/mocap_teleop.pc'
[1.390s] Level 1:colcon.colcon_core.environment:checking '/home/nwsutton/ros_ws/src/mocap_teleop/install/mocap_teleop/lib/python3.12/site-packages'
[1.390s] Level 1:colcon.colcon_core.shell:create_environment_hook('mocap_teleop', 'pythonpath')
[1.390s] INFO:colcon.colcon_core.shell:Creating environment hook '/home/nwsutton/ros_ws/src/mocap_teleop/install/mocap_teleop/share/mocap_teleop/hook/pythonpath.ps1'
[1.391s] INFO:colcon.colcon_core.shell:Creating environment descriptor '/home/nwsutton/ros_ws/src/mocap_teleop/install/mocap_teleop/share/mocap_teleop/hook/pythonpath.dsv'
[1.391s] INFO:colcon.colcon_core.shell:Creating environment hook '/home/nwsutton/ros_ws/src/mocap_teleop/install/mocap_teleop/share/mocap_teleop/hook/pythonpath.sh'
[1.392s] Level 1:colcon.colcon_core.environment:checking '/home/nwsutton/ros_ws/src/mocap_teleop/install/mocap_teleop/bin'
[1.393s] INFO:colcon.colcon_core.shell:Creating package script '/home/nwsutton/ros_ws/src/mocap_teleop/install/mocap_teleop/share/mocap_teleop/package.ps1'
[1.393s] INFO:colcon.colcon_core.shell:Creating package descriptor '/home/nwsutton/ros_ws/src/mocap_teleop/install/mocap_teleop/share/mocap_teleop/package.dsv'
[1.394s] INFO:colcon.colcon_core.shell:Creating package script '/home/nwsutton/ros_ws/src/mocap_teleop/install/mocap_teleop/share/mocap_teleop/package.sh'
[1.395s] INFO:colcon.colcon_core.shell:Creating package script '/home/nwsutton/ros_ws/src/mocap_teleop/install/mocap_teleop/share/mocap_teleop/package.bash'
[1.395s] INFO:colcon.colcon_core.shell:Creating package script '/home/nwsutton/ros_ws/src/mocap_teleop/install/mocap_teleop/share/mocap_teleop/package.zsh'
[1.396s] Level 1:colcon.colcon_core.environment:create_file_with_runtime_dependencies(/home/nwsutton/ros_ws/src/mocap_teleop/install/mocap_teleop/share/colcon-core/packages/mocap_teleop)
[1.397s] DEBUG:colcon.colcon_parallel_executor.executor.parallel:closing loop
[1.397s] DEBUG:colcon.colcon_parallel_executor.executor.parallel:loop closed
[1.398s] DEBUG:colcon.colcon_parallel_executor.executor.parallel:run_until_complete finished with '0'
[1.398s] DEBUG:colcon.colcon_core.event_reactor:joining thread
[1.426s] INFO:colcon.colcon_core.plugin_system:Skipping extension 'colcon_notification.desktop_notification.notify_send': Could not find 'notify-send'
[1.427s] INFO:colcon.colcon_core.plugin_system:Skipping extension 'colcon_notification.desktop_notification.terminal_notifier': Not used on non-Darwin systems
[1.427s] INFO:colcon.colcon_core.plugin_system:Skipping extension 'colcon_notification.desktop_notification.win32': Not used on non-Windows systems
[1.427s] INFO:colcon.colcon_notification.desktop_notification:Sending desktop notification using 'notify2'
[1.463s] DEBUG:colcon.colcon_core.event_reactor:joined thread
[1.464s] INFO:colcon.colcon_core.shell:Creating prefix script '/home/nwsutton/ros_ws/src/mocap_teleop/install/local_setup.ps1'
[1.466s] INFO:colcon.colcon_core.shell:Creating prefix util module '/home/nwsutton/ros_ws/src/mocap_teleop/install/_local_setup_util_ps1.py'
[1.469s] INFO:colcon.colcon_core.shell:Creating prefix chain script '/home/nwsutton/ros_ws/src/mocap_teleop/install/setup.ps1'
[1.471s] INFO:colcon.colcon_core.shell:Creating prefix script '/home/nwsutton/ros_ws/src/mocap_teleop/install/local_setup.sh'
[1.472s] INFO:colcon.colcon_core.shell:Creating prefix util module '/home/nwsutton/ros_ws/src/mocap_teleop/install/_local_setup_util_sh.py'
[1.473s] INFO:colcon.colcon_core.shell:Creating prefix chain script '/home/nwsutton/ros_ws/src/mocap_teleop/install/setup.sh'
[1.474s] INFO:colcon.colcon_core.shell:Creating prefix script '/home/nwsutton/ros_ws/src/mocap_teleop/install/local_setup.bash'
[1.475s] INFO:colcon.colcon_core.shell:Creating prefix chain script '/home/nwsutton/ros_ws/src/mocap_teleop/install/setup.bash'
[1.476s] INFO:colcon.colcon_core.shell:Creating prefix script '/home/nwsutton/ros_ws/src/mocap_teleop/install/local_setup.zsh'
[1.477s] INFO:colcon.colcon_core.shell:Creating prefix chain script '/home/nwsutton/ros_ws/src/mocap_teleop/install/setup.zsh'
