[0.022s] Invoking command in '/home/nwsutton/ros_ws/src/mocap_teleop/build/mocap_teleop': CMAKE_PREFIX_PATH=${CMAKE_PREFIX_PATH}:/opt/ros/jazzy:/home/*your_unity_id*/*your_workspace_name*/install/csc495_003_p1_tfsexport DEBUGINFOD_URLS=https://debuginfod.fedoraproject.org/ PS1=\[\e[1m\]\u@\h\[\e[0m\][./\W]\[\e[1m\]\\$\[\e[0m\] /usr/bin/cmake --build /home/nwsutton/ros_ws/src/mocap_teleop/build/mocap_teleop -- -j16 -l16
[0.155s] Built target ament_cmake_python_copy_mocap_teleop
[0.497s] running egg_info
[0.526s] writing mocap_teleop.egg-info/PKG-INFO
[0.527s] writing dependency_links to mocap_teleop.egg-info/dependency_links.txt
[0.527s] writing top-level names to mocap_teleop.egg-info/top_level.txt
[0.611s] reading manifest file 'mocap_teleop.egg-info/SOURCES.txt'
[0.612s] writing manifest file 'mocap_teleop.egg-info/SOURCES.txt'
[0.660s] Built target ament_cmake_python_build_mocap_teleop_egg
[0.683s] Invoked command in '/home/nwsutton/ros_ws/src/mocap_teleop/build/mocap_teleop' returned '0': CMAKE_PREFIX_PATH=${CMAKE_PREFIX_PATH}:/opt/ros/jazzy:/home/*your_unity_id*/*your_workspace_name*/install/csc495_003_p1_tfsexport DEBUGINFOD_URLS=https://debuginfod.fedoraproject.org/ PS1=\[\e[1m\]\u@\h\[\e[0m\][./\W]\[\e[1m\]\\$\[\e[0m\] /usr/bin/cmake --build /home/nwsutton/ros_ws/src/mocap_teleop/build/mocap_teleop -- -j16 -l16
[0.703s] Invoking command in '/home/nwsutton/ros_ws/src/mocap_teleop/build/mocap_teleop': CMAKE_PREFIX_PATH=${CMAKE_PREFIX_PATH}:/opt/ros/jazzy:/home/*your_unity_id*/*your_workspace_name*/install/csc495_003_p1_tfsexport DEBUGINFOD_URLS=https://debuginfod.fedoraproject.org/ PS1=\[\e[1m\]\u@\h\[\e[0m\][./\W]\[\e[1m\]\\$\[\e[0m\] /usr/bin/cmake --install /home/nwsutton/ros_ws/src/mocap_teleop/build/mocap_teleop
[0.727s] -- Install configuration: ""
[0.728s] -- Up-to-date: /home/nwsutton/ros_ws/src/mocap_teleop/install/mocap_teleop/share/mocap_teleop/environment/pythonpath.sh
[0.728s] -- Up-to-date: /home/nwsutton/ros_ws/src/mocap_teleop/install/mocap_teleop/share/mocap_teleop/environment/pythonpath.dsv
[0.728s] -- Up-to-date: /home/nwsutton/ros_ws/src/mocap_teleop/install/mocap_teleop/lib/python3.12/site-packages/mocap_teleop-0.0.1-py3.12.egg-info
[0.728s] -- Installing: /home/nwsutton/ros_ws/src/mocap_teleop/install/mocap_teleop/lib/python3.12/site-packages/mocap_teleop-0.0.1-py3.12.egg-info/PKG-INFO
[0.728s] -- Installing: /home/nwsutton/ros_ws/src/mocap_teleop/install/mocap_teleop/lib/python3.12/site-packages/mocap_teleop-0.0.1-py3.12.egg-info/dependency_links.txt
[0.728s] -- Installing: /home/nwsutton/ros_ws/src/mocap_teleop/install/mocap_teleop/lib/python3.12/site-packages/mocap_teleop-0.0.1-py3.12.egg-info/top_level.txt
[0.729s] -- Installing: /home/nwsutton/ros_ws/src/mocap_teleop/install/mocap_teleop/lib/python3.12/site-packages/mocap_teleop-0.0.1-py3.12.egg-info/SOURCES.txt
[0.729s] -- Up-to-date: /home/nwsutton/ros_ws/src/mocap_teleop/install/mocap_teleop/lib/python3.12/site-packages/mocap_teleop
[0.729s] -- Up-to-date: /home/nwsutton/ros_ws/src/mocap_teleop/install/mocap_teleop/lib/python3.12/site-packages/mocap_teleop/__init__.py
[0.730s] -- Up-to-date: /home/nwsutton/ros_ws/src/mocap_teleop/install/mocap_teleop/lib/python3.12/site-packages/mocap_teleop/mapper
[0.730s] -- Up-to-date: /home/nwsutton/ros_ws/src/mocap_teleop/install/mocap_teleop/lib/python3.12/site-packages/mocap_teleop/mapper/__init__.py
[0.730s] -- Installing: /home/nwsutton/ros_ws/src/mocap_teleop/install/mocap_teleop/lib/python3.12/site-packages/mocap_teleop/mapper/motion_mapper.py
[0.730s] -- Up-to-date: /home/nwsutton/ros_ws/src/mocap_teleop/install/mocap_teleop/lib/python3.12/site-packages/mocap_teleop/networking
[0.731s] -- Up-to-date: /home/nwsutton/ros_ws/src/mocap_teleop/install/mocap_teleop/lib/python3.12/site-packages/mocap_teleop/networking/__init__.py
[0.731s] -- Up-to-date: /home/nwsutton/ros_ws/src/mocap_teleop/install/mocap_teleop/lib/python3.12/site-packages/mocap_teleop/networking/natnet_node.py
[0.731s] -- Up-to-date: /home/nwsutton/ros_ws/src/mocap_teleop/install/mocap_teleop/lib/python3.12/site-packages/mocap_teleop/ctrl
[0.731s] -- Up-to-date: /home/nwsutton/ros_ws/src/mocap_teleop/install/mocap_teleop/lib/python3.12/site-packages/mocap_teleop/ctrl/__init__.py
[0.731s] -- Up-to-date: /home/nwsutton/ros_ws/src/mocap_teleop/install/mocap_teleop/lib/python3.12/site-packages/mocap_teleop/ctrl/ctrl_interface.py
[0.732s] -- Up-to-date: /home/nwsutton/ros_ws/src/mocap_teleop/install/mocap_teleop/lib/python3.12/site-packages/mocap_teleop/model
[0.732s] -- Up-to-date: /home/nwsutton/ros_ws/src/mocap_teleop/install/mocap_teleop/lib/python3.12/site-packages/mocap_teleop/model/ModelV1.pth
[0.732s] -- Up-to-date: /home/nwsutton/ros_ws/src/mocap_teleop/install/mocap_teleop/lib/python3.12/site-packages/mocap_teleop/model/train.py
[0.732s] -- Up-to-date: /home/nwsutton/ros_ws/src/mocap_teleop/install/mocap_teleop/lib/python3.12/site-packages/mocap_teleop/model/__init__.py
[0.732s] -- Installing: /home/nwsutton/ros_ws/src/mocap_teleop/install/mocap_teleop/lib/python3.12/site-packages/mocap_teleop/model/gait_classifier.py
[0.732s] -- Up-to-date: /home/nwsutton/ros_ws/src/mocap_teleop/install/mocap_teleop/lib/python3.12/site-packages/mocap_teleop/util
[0.732s] -- Up-to-date: /home/nwsutton/ros_ws/src/mocap_teleop/install/mocap_teleop/lib/python3.12/site-packages/mocap_teleop/util/transforms.py
[0.733s] -- Up-to-date: /home/nwsutton/ros_ws/src/mocap_teleop/install/mocap_teleop/lib/python3.12/site-packages/mocap_teleop/util/__init__.py
[0.733s] -- Up-to-date: /home/nwsutton/ros_ws/src/mocap_teleop/install/mocap_teleop/lib/python3.12/site-packages/mocap_teleop/util/freq_meter.py
[0.733s] -- Up-to-date: /home/nwsutton/ros_ws/src/mocap_teleop/install/mocap_teleop/lib/python3.12/site-packages/mocap_teleop/util/io_parser.py
[0.733s] -- Up-to-date: /home/nwsutton/ros_ws/src/mocap_teleop/install/mocap_teleop/lib/python3.12/site-packages/mocap_teleop/util/performance_metrics.py
[0.733s] -- Up-to-date: /home/nwsutton/ros_ws/src/mocap_teleop/install/mocap_teleop/lib/python3.12/site-packages/mocap_teleop/state
[0.733s] -- Up-to-date: /home/nwsutton/ros_ws/src/mocap_teleop/install/mocap_teleop/lib/python3.12/site-packages/mocap_teleop/state/human.py
[0.733s] -- Up-to-date: /home/nwsutton/ros_ws/src/mocap_teleop/install/mocap_teleop/lib/python3.12/site-packages/mocap_teleop/state/__init__.py
[0.733s] -- Up-to-date: /home/nwsutton/ros_ws/src/mocap_teleop/install/mocap_teleop/lib/python3.12/site-packages/mocap_teleop/modes
[0.733s] -- Up-to-date: /home/nwsutton/ros_ws/src/mocap_teleop/install/mocap_teleop/lib/python3.12/site-packages/mocap_teleop/modes/online_node.py
[0.734s] -- Up-to-date: /home/nwsutton/ros_ws/src/mocap_teleop/install/mocap_teleop/lib/python3.12/site-packages/mocap_teleop/modes/__init__.py
[0.734s] -- Up-to-date: /home/nwsutton/ros_ws/src/mocap_teleop/install/mocap_teleop/lib/python3.12/site-packages/mocap_teleop/modes/offline_node.py
[0.734s] -- Installing: /home/nwsutton/ros_ws/src/mocap_teleop/install/mocap_teleop/lib/python3.12/site-packages/mocap_teleop/teleop_node.py
[0.810s] Listing '/home/nwsutton/ros_ws/src/mocap_teleop/install/mocap_teleop/lib/python3.12/site-packages/mocap_teleop'...
[0.811s] Listing '/home/nwsutton/ros_ws/src/mocap_teleop/install/mocap_teleop/lib/python3.12/site-packages/mocap_teleop/ctrl'...
[0.811s] Listing '/home/nwsutton/ros_ws/src/mocap_teleop/install/mocap_teleop/lib/python3.12/site-packages/mocap_teleop/mapper'...
[0.811s] Compiling '/home/nwsutton/ros_ws/src/mocap_teleop/install/mocap_teleop/lib/python3.12/site-packages/mocap_teleop/mapper/motion_mapper.py'...
[0.811s] Listing '/home/nwsutton/ros_ws/src/mocap_teleop/install/mocap_teleop/lib/python3.12/site-packages/mocap_teleop/model'...
[0.812s] Compiling '/home/nwsutton/ros_ws/src/mocap_teleop/install/mocap_teleop/lib/python3.12/site-packages/mocap_teleop/model/gait_classifier.py'...
[0.812s] Listing '/home/nwsutton/ros_ws/src/mocap_teleop/install/mocap_teleop/lib/python3.12/site-packages/mocap_teleop/modes'...
[0.812s] Listing '/home/nwsutton/ros_ws/src/mocap_teleop/install/mocap_teleop/lib/python3.12/site-packages/mocap_teleop/networking'...
[0.812s] Listing '/home/nwsutton/ros_ws/src/mocap_teleop/install/mocap_teleop/lib/python3.12/site-packages/mocap_teleop/state'...
[0.812s] Compiling '/home/nwsutton/ros_ws/src/mocap_teleop/install/mocap_teleop/lib/python3.12/site-packages/mocap_teleop/teleop_node.py'...
[0.812s] Listing '/home/nwsutton/ros_ws/src/mocap_teleop/install/mocap_teleop/lib/python3.12/site-packages/mocap_teleop/util'...
[0.821s] -- Up-to-date: /home/nwsutton/ros_ws/src/mocap_teleop/install/mocap_teleop/lib/mocap_teleop/online_node.py
[0.821s] -- Installing: /home/nwsutton/ros_ws/src/mocap_teleop/install/mocap_teleop/lib/mocap_teleop/teleop_node.py
[0.822s] -- Up-to-date: /home/nwsutton/ros_ws/src/mocap_teleop/install/mocap_teleop/lib/mocap_teleop/offline_node.py
[0.822s] -- Up-to-date: /home/nwsutton/ros_ws/src/mocap_teleop/install/mocap_teleop/share/mocap_teleop/launch
[0.822s] -- Up-to-date: /home/nwsutton/ros_ws/src/mocap_teleop/install/mocap_teleop/share/mocap_teleop/launch/teleop_offline.launch.py
[0.823s] -- Up-to-date: /home/nwsutton/ros_ws/src/mocap_teleop/install/mocap_teleop/share/mocap_teleop/launch/teleop_online.launch.py
[0.823s] -- Up-to-date: /home/nwsutton/ros_ws/src/mocap_teleop/install/mocap_teleop/share/mocap_teleop/config
[0.823s] -- Up-to-date: /home/nwsutton/ros_ws/src/mocap_teleop/install/mocap_teleop/share/mocap_teleop/config/config.toml
[0.823s] -- Up-to-date: /home/nwsutton/ros_ws/src/mocap_teleop/install/mocap_teleop/share/ament_index/resource_index/package_run_dependencies/mocap_teleop
[0.823s] -- Up-to-date: /home/nwsutton/ros_ws/src/mocap_teleop/install/mocap_teleop/share/ament_index/resource_index/parent_prefix_path/mocap_teleop
[0.823s] -- Up-to-date: /home/nwsutton/ros_ws/src/mocap_teleop/install/mocap_teleop/share/mocap_teleop/environment/ament_prefix_path.sh
[0.823s] -- Up-to-date: /home/nwsutton/ros_ws/src/mocap_teleop/install/mocap_teleop/share/mocap_teleop/environment/ament_prefix_path.dsv
[0.824s] -- Up-to-date: /home/nwsutton/ros_ws/src/mocap_teleop/install/mocap_teleop/share/mocap_teleop/environment/path.sh
[0.824s] -- Up-to-date: /home/nwsutton/ros_ws/src/mocap_teleop/install/mocap_teleop/share/mocap_teleop/environment/path.dsv
[0.824s] -- Up-to-date: /home/nwsutton/ros_ws/src/mocap_teleop/install/mocap_teleop/share/mocap_teleop/local_setup.bash
[0.824s] -- Up-to-date: /home/nwsutton/ros_ws/src/mocap_teleop/install/mocap_teleop/share/mocap_teleop/local_setup.sh
[0.824s] -- Up-to-date: /home/nwsutton/ros_ws/src/mocap_teleop/install/mocap_teleop/share/mocap_teleop/local_setup.zsh
[0.824s] -- Up-to-date: /home/nwsutton/ros_ws/src/mocap_teleop/install/mocap_teleop/share/mocap_teleop/local_setup.dsv
[0.824s] -- Up-to-date: /home/nwsutton/ros_ws/src/mocap_teleop/install/mocap_teleop/share/mocap_teleop/package.dsv
[0.825s] -- Up-to-date: /home/nwsutton/ros_ws/src/mocap_teleop/install/mocap_teleop/share/ament_index/resource_index/packages/mocap_teleop
[0.825s] -- Up-to-date: /home/nwsutton/ros_ws/src/mocap_teleop/install/mocap_teleop/share/mocap_teleop/cmake/mocap_teleopConfig.cmake
[0.825s] -- Up-to-date: /home/nwsutton/ros_ws/src/mocap_teleop/install/mocap_teleop/share/mocap_teleop/cmake/mocap_teleopConfig-version.cmake
[0.825s] -- Up-to-date: /home/nwsutton/ros_ws/src/mocap_teleop/install/mocap_teleop/share/mocap_teleop/package.xml
[0.829s] Invoked command in '/home/nwsutton/ros_ws/src/mocap_teleop/build/mocap_teleop' returned '0': CMAKE_PREFIX_PATH=${CMAKE_PREFIX_PATH}:/opt/ros/jazzy:/home/*your_unity_id*/*your_workspace_name*/install/csc495_003_p1_tfsexport DEBUGINFOD_URLS=https://debuginfod.fedoraproject.org/ PS1=\[\e[1m\]\u@\h\[\e[0m\][./\W]\[\e[1m\]\\$\[\e[0m\] /usr/bin/cmake --install /home/nwsutton/ros_ws/src/mocap_teleop/build/mocap_teleop
