[0.228s] DEBUG:colcon:Command line arguments: ['/usr/bin/colcon', 'build', '--packages-select', 'mocap_teleop_msgs', 'mocap_teleop']
[0.229s] DEBUG:colcon:Parsed command line arguments: Namespace(log_base=None, log_level=None, verb_name='build', build_base='build', install_base='install', merge_install=False, symlink_install=False, test_result_base=None, continue_on_error=False, executor='parallel', parallel_workers=16, event_handlers=None, ignore_user_meta=False, metas=['./colcon.meta'], base_paths=['.'], packages_ignore=None, packages_ignore_regex=None, paths=None, packages_up_to=None, packages_up_to_regex=None, packages_above=None, packages_above_and_dependencies=None, packages_above_depth=None, packages_select_by_dep=None, packages_skip_by_dep=None, packages_skip_up_to=None, packages_select_build_failed=False, packages_skip_build_finished=False, packages_select_test_failures=False, packages_skip_test_passed=False, packages_select=['mocap_teleop_msgs', 'mocap_teleop'], packages_skip=None, packages_select_regex=None, packages_skip_regex=None, packages_start=None, packages_end=None, allow_overriding=[], cmake_args=None, cmake_target=None, cmake_target_skip_unavailable=False, cmake_clean_cache=False, cmake_clean_first=False, cmake_force_configure=False, ament_cmake_args=None, catkin_cmake_args=None, catkin_skip_building_tests=False, mixin_files=None, mixin=None, verb_parser=<colcon_mixin.mixin.mixin_argument.MixinArgumentDecorator object at 0x7f6fb5e96540>, verb_extension=<colcon_core.verb.build.BuildVerb object at 0x7f6fb5ffaba0>, main=<bound method BuildVerb.main of <colcon_core.verb.build.BuildVerb object at 0x7f6fb5ffaba0>>, mixin_verb=('build',))
[0.323s] Level 1:colcon.colcon_core.package_discovery:discover_packages(colcon_meta) check parameters
[0.323s] Level 1:colcon.colcon_core.package_discovery:discover_packages(recursive) check parameters
[0.323s] Level 1:colcon.colcon_core.package_discovery:discover_packages(ignore) check parameters
[0.323s] Level 1:colcon.colcon_core.package_discovery:discover_packages(path) check parameters
[0.323s] Level 1:colcon.colcon_core.package_discovery:discover_packages(colcon_meta) discover
[0.324s] Level 1:colcon.colcon_core.package_discovery:discover_packages(recursive) discover
[0.324s] INFO:colcon.colcon_core.package_discovery:Crawling recursively for packages in '/home/nwsutton/ros_ws/src/mocap_teleop'
[0.324s] Level 1:colcon.colcon_core.package_identification:_identify(.) by extensions ['ignore', 'ignore_ament_install']
[0.324s] Level 1:colcon.colcon_core.package_identification:_identify(.) by extension 'ignore'
[0.324s] Level 1:colcon.colcon_core.package_identification:_identify(.) by extension 'ignore_ament_install'
[0.324s] Level 1:colcon.colcon_core.package_identification:_identify(.) by extensions ['colcon_pkg']
[0.324s] Level 1:colcon.colcon_core.package_identification:_identify(.) by extension 'colcon_pkg'
[0.324s] Level 1:colcon.colcon_core.package_identification:_identify(.) by extensions ['colcon_meta']
[0.324s] Level 1:colcon.colcon_core.package_identification:_identify(.) by extension 'colcon_meta'
[0.324s] Level 1:colcon.colcon_core.package_identification:_identify(.) by extensions ['ros']
[0.324s] Level 1:colcon.colcon_core.package_identification:_identify(.) by extension 'ros'
[0.381s] DEBUG:colcon.colcon_core.package_identification:Package '.' with type 'ros.ament_cmake' and name 'mocap_teleop'
[0.381s] Level 1:colcon.colcon_core.package_discovery:discover_packages(recursive) using defaults
[0.381s] Level 1:colcon.colcon_core.package_discovery:discover_packages(ignore) discover
[0.381s] Level 1:colcon.colcon_core.package_discovery:discover_packages(ignore) using defaults
[0.381s] Level 1:colcon.colcon_core.package_discovery:discover_packages(path) discover
[0.381s] Level 1:colcon.colcon_core.package_discovery:discover_packages(path) using defaults
[0.382s] WARNING:colcon.colcon_core.package_selection:ignoring unknown package 'mocap_teleop_msgs' in --packages-select
[0.419s] Level 1:colcon.colcon_core.package_discovery:discover_packages(prefix_path) check parameters
[0.419s] Level 1:colcon.colcon_core.package_discovery:discover_packages(prefix_path) discover
[0.421s] WARNING:colcon.colcon_ros.prefix_path.ament:The path '/home/*your_unity_id*/*your_workspace_name*/install/csc495_003_p1_tfsexport' in the environment variable AMENT_PREFIX_PATH doesn't exist
[0.425s] DEBUG:colcon.colcon_installed_package_information.package_discovery:Found 200 installed packages in /opt/ros/jazzy
[0.426s] Level 1:colcon.colcon_core.package_discovery:discover_packages(prefix_path) using defaults
[0.486s] Level 5:colcon.colcon_core.verb:set package 'mocap_teleop' build argument 'cmake_args' from command line to 'None'
[0.486s] Level 5:colcon.colcon_core.verb:set package 'mocap_teleop' build argument 'cmake_target' from command line to 'None'
[0.486s] Level 5:colcon.colcon_core.verb:set package 'mocap_teleop' build argument 'cmake_target_skip_unavailable' from command line to 'False'
[0.486s] Level 5:colcon.colcon_core.verb:set package 'mocap_teleop' build argument 'cmake_clean_cache' from command line to 'False'
[0.486s] Level 5:colcon.colcon_core.verb:set package 'mocap_teleop' build argument 'cmake_clean_first' from command line to 'False'
[0.486s] Level 5:colcon.colcon_core.verb:set package 'mocap_teleop' build argument 'cmake_force_configure' from command line to 'False'
[0.486s] Level 5:colcon.colcon_core.verb:set package 'mocap_teleop' build argument 'ament_cmake_args' from command line to 'None'
[0.486s] Level 5:colcon.colcon_core.verb:set package 'mocap_teleop' build argument 'catkin_cmake_args' from command line to 'None'
[0.486s] Level 5:colcon.colcon_core.verb:set package 'mocap_teleop' build argument 'catkin_skip_building_tests' from command line to 'False'
[0.486s] DEBUG:colcon.colcon_core.verb:Building package 'mocap_teleop' with the following arguments: {'ament_cmake_args': None, 'build_base': '/home/nwsutton/ros_ws/src/mocap_teleop/build/mocap_teleop', 'catkin_cmake_args': None, 'catkin_skip_building_tests': False, 'cmake_args': None, 'cmake_clean_cache': False, 'cmake_clean_first': False, 'cmake_force_configure': False, 'cmake_target': None, 'cmake_target_skip_unavailable': False, 'install_base': '/home/nwsutton/ros_ws/src/mocap_teleop/install/mocap_teleop', 'merge_install': False, 'path': '/home/nwsutton/ros_ws/src/mocap_teleop', 'symlink_install': False, 'test_result_base': None}
[0.487s] INFO:colcon.colcon_core.executor:Executing jobs using 'parallel' executor
[0.488s] DEBUG:colcon.colcon_parallel_executor.executor.parallel:run_until_complete
[0.488s] INFO:colcon.colcon_ros.task.ament_cmake.build:Building ROS package in '/home/nwsutton/ros_ws/src/mocap_teleop' with build type 'ament_cmake'
[0.488s] INFO:colcon.colcon_cmake.task.cmake.build:Building CMake package in '/home/nwsutton/ros_ws/src/mocap_teleop'
[0.494s] INFO:colcon.colcon_core.plugin_system:Skipping extension 'colcon_core.shell.bat': Not used on non-Windows systems
[0.494s] INFO:colcon.colcon_core.shell:Skip shell extension 'powershell' for command environment: Not usable outside of PowerShell
[0.494s] DEBUG:colcon.colcon_core.shell:Skip shell extension 'dsv' for command environment
[0.507s] DEBUG:colcon.colcon_core.event_handler.log_command:Invoking command in '/home/nwsutton/ros_ws/src/mocap_teleop/build/mocap_teleop': CMAKE_PREFIX_PATH=${CMAKE_PREFIX_PATH}:/opt/ros/jazzy:/home/*your_unity_id*/*your_workspace_name*/install/csc495_003_p1_tfsexport DEBUGINFOD_URLS=https://debuginfod.fedoraproject.org/ PS1=\[\e[1m\]\u@\h\[\e[0m\][./\W]\[\e[1m\]\\$\[\e[0m\] /usr/bin/cmake /home/nwsutton/ros_ws/src/mocap_teleop -DCMAKE_INSTALL_PREFIX=/home/nwsutton/ros_ws/src/mocap_teleop/install/mocap_teleop
[1.872s] DEBUG:colcon.colcon_core.event_handler.log_command:Invoked command in '/home/nwsutton/ros_ws/src/mocap_teleop/build/mocap_teleop' returned '0': CMAKE_PREFIX_PATH=${CMAKE_PREFIX_PATH}:/opt/ros/jazzy:/home/*your_unity_id*/*your_workspace_name*/install/csc495_003_p1_tfsexport DEBUGINFOD_URLS=https://debuginfod.fedoraproject.org/ PS1=\[\e[1m\]\u@\h\[\e[0m\][./\W]\[\e[1m\]\\$\[\e[0m\] /usr/bin/cmake /home/nwsutton/ros_ws/src/mocap_teleop -DCMAKE_INSTALL_PREFIX=/home/nwsutton/ros_ws/src/mocap_teleop/install/mocap_teleop
[1.874s] DEBUG:colcon.colcon_core.event_handler.log_command:Invoking command in '/home/nwsutton/ros_ws/src/mocap_teleop/build/mocap_teleop': CMAKE_PREFIX_PATH=${CMAKE_PREFIX_PATH}:/opt/ros/jazzy:/home/*your_unity_id*/*your_workspace_name*/install/csc495_003_p1_tfsexport DEBUGINFOD_URLS=https://debuginfod.fedoraproject.org/ PS1=\[\e[1m\]\u@\h\[\e[0m\][./\W]\[\e[1m\]\\$\[\e[0m\] /usr/bin/cmake --build /home/nwsutton/ros_ws/src/mocap_teleop/build/mocap_teleop -- -j16 -l16
[2.210s] DEBUG:colcon.colcon_core.event_handler.log_command:Invoked command in '/home/nwsutton/ros_ws/src/mocap_teleop/build/mocap_teleop' returned '0': CMAKE_PREFIX_PATH=${CMAKE_PREFIX_PATH}:/opt/ros/jazzy:/home/*your_unity_id*/*your_workspace_name*/install/csc495_003_p1_tfsexport DEBUGINFOD_URLS=https://debuginfod.fedoraproject.org/ PS1=\[\e[1m\]\u@\h\[\e[0m\][./\W]\[\e[1m\]\\$\[\e[0m\] /usr/bin/cmake --build /home/nwsutton/ros_ws/src/mocap_teleop/build/mocap_teleop -- -j16 -l16
[2.222s] DEBUG:colcon.colcon_core.event_handler.log_command:Invoking command in '/home/nwsutton/ros_ws/src/mocap_teleop/build/mocap_teleop': CMAKE_PREFIX_PATH=${CMAKE_PREFIX_PATH}:/opt/ros/jazzy:/home/*your_unity_id*/*your_workspace_name*/install/csc495_003_p1_tfsexport DEBUGINFOD_URLS=https://debuginfod.fedoraproject.org/ PS1=\[\e[1m\]\u@\h\[\e[0m\][./\W]\[\e[1m\]\\$\[\e[0m\] /usr/bin/cmake --install /home/nwsutton/ros_ws/src/mocap_teleop/build/mocap_teleop
[2.319s] Level 1:colcon.colcon_core.environment:create_environment_scripts_only(mocap_teleop)
[2.320s] DEBUG:colcon.colcon_core.event_handler.log_command:Invoked command in '/home/nwsutton/ros_ws/src/mocap_teleop/build/mocap_teleop' returned '0': CMAKE_PREFIX_PATH=${CMAKE_PREFIX_PATH}:/opt/ros/jazzy:/home/*your_unity_id*/*your_workspace_name*/install/csc495_003_p1_tfsexport DEBUGINFOD_URLS=https://debuginfod.fedoraproject.org/ PS1=\[\e[1m\]\u@\h\[\e[0m\][./\W]\[\e[1m\]\\$\[\e[0m\] /usr/bin/cmake --install /home/nwsutton/ros_ws/src/mocap_teleop/build/mocap_teleop
[2.322s] Level 1:colcon.colcon_core.environment:checking '/home/nwsutton/ros_ws/src/mocap_teleop/install/mocap_teleop' for CMake module files
[2.322s] Level 1:colcon.colcon_core.environment:checking '/home/nwsutton/ros_ws/src/mocap_teleop/install/mocap_teleop' for CMake config files
[2.323s] Level 1:colcon.colcon_core.shell:create_environment_hook('mocap_teleop', 'cmake_prefix_path')
[2.323s] INFO:colcon.colcon_core.shell:Creating environment hook '/home/nwsutton/ros_ws/src/mocap_teleop/install/mocap_teleop/share/mocap_teleop/hook/cmake_prefix_path.ps1'
[2.323s] INFO:colcon.colcon_core.shell:Creating environment descriptor '/home/nwsutton/ros_ws/src/mocap_teleop/install/mocap_teleop/share/mocap_teleop/hook/cmake_prefix_path.dsv'
[2.324s] INFO:colcon.colcon_core.shell:Creating environment hook '/home/nwsutton/ros_ws/src/mocap_teleop/install/mocap_teleop/share/mocap_teleop/hook/cmake_prefix_path.sh'
[2.324s] Level 1:colcon.colcon_core.environment:checking '/home/nwsutton/ros_ws/src/mocap_teleop/install/mocap_teleop/lib'
[2.324s] Level 1:colcon.colcon_core.environment:checking '/home/nwsutton/ros_ws/src/mocap_teleop/install/mocap_teleop/bin'
[2.324s] Level 1:colcon.colcon_core.environment:checking '/home/nwsutton/ros_ws/src/mocap_teleop/install/mocap_teleop/lib/pkgconfig/mocap_teleop.pc'
[2.325s] Level 1:colcon.colcon_core.environment:checking '/home/nwsutton/ros_ws/src/mocap_teleop/install/mocap_teleop/lib/python3.12/site-packages'
[2.325s] Level 1:colcon.colcon_core.shell:create_environment_hook('mocap_teleop', 'pythonpath')
[2.325s] INFO:colcon.colcon_core.shell:Creating environment hook '/home/nwsutton/ros_ws/src/mocap_teleop/install/mocap_teleop/share/mocap_teleop/hook/pythonpath.ps1'
[2.325s] INFO:colcon.colcon_core.shell:Creating environment descriptor '/home/nwsutton/ros_ws/src/mocap_teleop/install/mocap_teleop/share/mocap_teleop/hook/pythonpath.dsv'
[2.325s] INFO:colcon.colcon_core.shell:Creating environment hook '/home/nwsutton/ros_ws/src/mocap_teleop/install/mocap_teleop/share/mocap_teleop/hook/pythonpath.sh'
[2.326s] Level 1:colcon.colcon_core.environment:checking '/home/nwsutton/ros_ws/src/mocap_teleop/install/mocap_teleop/bin'
[2.326s] INFO:colcon.colcon_core.shell:Creating package script '/home/nwsutton/ros_ws/src/mocap_teleop/install/mocap_teleop/share/mocap_teleop/package.ps1'
[2.326s] INFO:colcon.colcon_core.shell:Creating package descriptor '/home/nwsutton/ros_ws/src/mocap_teleop/install/mocap_teleop/share/mocap_teleop/package.dsv'
[2.327s] INFO:colcon.colcon_core.shell:Creating package script '/home/nwsutton/ros_ws/src/mocap_teleop/install/mocap_teleop/share/mocap_teleop/package.sh'
[2.327s] INFO:colcon.colcon_core.shell:Creating package script '/home/nwsutton/ros_ws/src/mocap_teleop/install/mocap_teleop/share/mocap_teleop/package.bash'
[2.328s] INFO:colcon.colcon_core.shell:Creating package script '/home/nwsutton/ros_ws/src/mocap_teleop/install/mocap_teleop/share/mocap_teleop/package.zsh'
[2.328s] Level 1:colcon.colcon_core.environment:create_file_with_runtime_dependencies(/home/nwsutton/ros_ws/src/mocap_teleop/install/mocap_teleop/share/colcon-core/packages/mocap_teleop)
[2.329s] Level 1:colcon.colcon_core.environment:create_environment_scripts_only(mocap_teleop)
[2.329s] Level 1:colcon.colcon_core.environment:checking '/home/nwsutton/ros_ws/src/mocap_teleop/install/mocap_teleop' for CMake module files
[2.329s] Level 1:colcon.colcon_core.environment:checking '/home/nwsutton/ros_ws/src/mocap_teleop/install/mocap_teleop' for CMake config files
[2.329s] Level 1:colcon.colcon_core.shell:create_environment_hook('mocap_teleop', 'cmake_prefix_path')
[2.329s] INFO:colcon.colcon_core.shell:Creating environment hook '/home/nwsutton/ros_ws/src/mocap_teleop/install/mocap_teleop/share/mocap_teleop/hook/cmake_prefix_path.ps1'
[2.330s] INFO:colcon.colcon_core.shell:Creating environment descriptor '/home/nwsutton/ros_ws/src/mocap_teleop/install/mocap_teleop/share/mocap_teleop/hook/cmake_prefix_path.dsv'
[2.330s] INFO:colcon.colcon_core.shell:Creating environment hook '/home/nwsutton/ros_ws/src/mocap_teleop/install/mocap_teleop/share/mocap_teleop/hook/cmake_prefix_path.sh'
[2.330s] Level 1:colcon.colcon_core.environment:checking '/home/nwsutton/ros_ws/src/mocap_teleop/install/mocap_teleop/lib'
[2.330s] Level 1:colcon.colcon_core.environment:checking '/home/nwsutton/ros_ws/src/mocap_teleop/install/mocap_teleop/bin'
[2.330s] Level 1:colcon.colcon_core.environment:checking '/home/nwsutton/ros_ws/src/mocap_teleop/install/mocap_teleop/lib/pkgconfig/mocap_teleop.pc'
[2.331s] Level 1:colcon.colcon_core.environment:checking '/home/nwsutton/ros_ws/src/mocap_teleop/install/mocap_teleop/lib/python3.12/site-packages'
[2.331s] Level 1:colcon.colcon_core.shell:create_environment_hook('mocap_teleop', 'pythonpath')
[2.331s] INFO:colcon.colcon_core.shell:Creating environment hook '/home/nwsutton/ros_ws/src/mocap_teleop/install/mocap_teleop/share/mocap_teleop/hook/pythonpath.ps1'
[2.331s] INFO:colcon.colcon_core.shell:Creating environment descriptor '/home/nwsutton/ros_ws/src/mocap_teleop/install/mocap_teleop/share/mocap_teleop/hook/pythonpath.dsv'
[2.331s] INFO:colcon.colcon_core.shell:Creating environment hook '/home/nwsutton/ros_ws/src/mocap_teleop/install/mocap_teleop/share/mocap_teleop/hook/pythonpath.sh'
[2.332s] Level 1:colcon.colcon_core.environment:checking '/home/nwsutton/ros_ws/src/mocap_teleop/install/mocap_teleop/bin'
[2.332s] INFO:colcon.colcon_core.shell:Creating package script '/home/nwsutton/ros_ws/src/mocap_teleop/install/mocap_teleop/share/mocap_teleop/package.ps1'
[2.332s] INFO:colcon.colcon_core.shell:Creating package descriptor '/home/nwsutton/ros_ws/src/mocap_teleop/install/mocap_teleop/share/mocap_teleop/package.dsv'
[2.333s] INFO:colcon.colcon_core.shell:Creating package script '/home/nwsutton/ros_ws/src/mocap_teleop/install/mocap_teleop/share/mocap_teleop/package.sh'
[2.333s] INFO:colcon.colcon_core.shell:Creating package script '/home/nwsutton/ros_ws/src/mocap_teleop/install/mocap_teleop/share/mocap_teleop/package.bash'
[2.334s] INFO:colcon.colcon_core.shell:Creating package script '/home/nwsutton/ros_ws/src/mocap_teleop/install/mocap_teleop/share/mocap_teleop/package.zsh'
[2.334s] Level 1:colcon.colcon_core.environment:create_file_with_runtime_dependencies(/home/nwsutton/ros_ws/src/mocap_teleop/install/mocap_teleop/share/colcon-core/packages/mocap_teleop)
[2.334s] DEBUG:colcon.colcon_parallel_executor.executor.parallel:closing loop
[2.334s] DEBUG:colcon.colcon_parallel_executor.executor.parallel:loop closed
[2.334s] DEBUG:colcon.colcon_parallel_executor.executor.parallel:run_until_complete finished with '0'
[2.334s] DEBUG:colcon.colcon_core.event_reactor:joining thread
[2.353s] INFO:colcon.colcon_core.plugin_system:Skipping extension 'colcon_notification.desktop_notification.notify_send': Could not find 'notify-send'
[2.353s] INFO:colcon.colcon_core.plugin_system:Skipping extension 'colcon_notification.desktop_notification.terminal_notifier': Not used on non-Darwin systems
[2.353s] INFO:colcon.colcon_core.plugin_system:Skipping extension 'colcon_notification.desktop_notification.win32': Not used on non-Windows systems
[2.353s] INFO:colcon.colcon_notification.desktop_notification:Sending desktop notification using 'notify2'
[2.372s] DEBUG:colcon.colcon_core.event_reactor:joined thread
[2.373s] INFO:colcon.colcon_core.shell:Creating prefix script '/home/nwsutton/ros_ws/src/mocap_teleop/install/local_setup.ps1'
[2.374s] INFO:colcon.colcon_core.shell:Creating prefix util module '/home/nwsutton/ros_ws/src/mocap_teleop/install/_local_setup_util_ps1.py'
[2.375s] INFO:colcon.colcon_core.shell:Creating prefix chain script '/home/nwsutton/ros_ws/src/mocap_teleop/install/setup.ps1'
[2.376s] INFO:colcon.colcon_core.shell:Creating prefix script '/home/nwsutton/ros_ws/src/mocap_teleop/install/local_setup.sh'
[2.376s] INFO:colcon.colcon_core.shell:Creating prefix util module '/home/nwsutton/ros_ws/src/mocap_teleop/install/_local_setup_util_sh.py'
[2.377s] INFO:colcon.colcon_core.shell:Creating prefix chain script '/home/nwsutton/ros_ws/src/mocap_teleop/install/setup.sh'
[2.378s] INFO:colcon.colcon_core.shell:Creating prefix script '/home/nwsutton/ros_ws/src/mocap_teleop/install/local_setup.bash'
[2.378s] INFO:colcon.colcon_core.shell:Creating prefix chain script '/home/nwsutton/ros_ws/src/mocap_teleop/install/setup.bash'
[2.378s] INFO:colcon.colcon_core.shell:Creating prefix script '/home/nwsutton/ros_ws/src/mocap_teleop/install/local_setup.zsh'
[2.379s] INFO:colcon.colcon_core.shell:Creating prefix chain script '/home/nwsutton/ros_ws/src/mocap_teleop/install/setup.zsh'
