-- The C compiler identification is GNU 13.3.0
-- The CXX compiler identification is GNU 13.3.0
-- Detecting C compiler ABI info
-- Detecting C compiler ABI info - done
-- Check for working C compiler: /usr/bin/cc - skipped
-- Detecting C compile features
-- Detecting C compile features - done
-- Detecting CXX compiler ABI info
-- Detecting CXX compiler ABI info - done
-- Check for working CXX compiler: /usr/bin/c++ - skipped
-- Detecting CXX compile features
-- Detecting CXX compile features - done
-- Found ament_cmake: 2.5.5 (/opt/ros/jazzy/share/ament_cmake/cmake)
-- Found Python3: /usr/bin/python3 (found version "3.12.3") found components: Interpreter 
-- Configuring done (1.3s)
-- Generating done (0.0s)
-- Build files have been written to: /home/nwsutton/ros_ws/src/mocap_teleop/build/mocap_teleop
Built target ament_cmake_python_copy_mocap_teleop
running egg_info
creating mocap_teleop.egg-info
writing mocap_teleop.egg-info/PKG-INFO
writing dependency_links to mocap_teleop.egg-info/dependency_links.txt
writing top-level names to mocap_teleop.egg-info/top_level.txt
writing manifest file 'mocap_teleop.egg-info/SOURCES.txt'
reading manifest file 'mocap_teleop.egg-info/SOURCES.txt'
writing manifest file 'mocap_teleop.egg-info/SOURCES.txt'
Built target ament_cmake_python_build_mocap_teleop_egg
-- Install configuration: ""
-- Installing: /home/nwsutton/ros_ws/src/mocap_teleop/install/mocap_teleop/share/mocap_teleop/environment/pythonpath.sh
-- Installing: /home/nwsutton/ros_ws/src/mocap_teleop/install/mocap_teleop/share/mocap_teleop/environment/pythonpath.dsv
-- Installing: /home/nwsutton/ros_ws/src/mocap_teleop/install/mocap_teleop/lib/python3.12/site-packages/mocap_teleop-0.0.1-py3.12.egg-info
-- Installing: /home/nwsutton/ros_ws/src/mocap_teleop/install/mocap_teleop/lib/python3.12/site-packages/mocap_teleop-0.0.1-py3.12.egg-info/PKG-INFO
-- Installing: /home/nwsutton/ros_ws/src/mocap_teleop/install/mocap_teleop/lib/python3.12/site-packages/mocap_teleop-0.0.1-py3.12.egg-info/dependency_links.txt
-- Installing: /home/nwsutton/ros_ws/src/mocap_teleop/install/mocap_teleop/lib/python3.12/site-packages/mocap_teleop-0.0.1-py3.12.egg-info/top_level.txt
-- Installing: /home/nwsutton/ros_ws/src/mocap_teleop/install/mocap_teleop/lib/python3.12/site-packages/mocap_teleop-0.0.1-py3.12.egg-info/SOURCES.txt
-- Installing: /home/nwsutton/ros_ws/src/mocap_teleop/install/mocap_teleop/lib/python3.12/site-packages/mocap_teleop
-- Installing: /home/nwsutton/ros_ws/src/mocap_teleop/install/mocap_teleop/lib/python3.12/site-packages/mocap_teleop/__init__.py
-- Installing: /home/nwsutton/ros_ws/src/mocap_teleop/install/mocap_teleop/lib/python3.12/site-packages/mocap_teleop/mapper
-- Installing: /home/nwsutton/ros_ws/src/mocap_teleop/install/mocap_teleop/lib/python3.12/site-packages/mocap_teleop/mapper/__init__.py
-- Installing: /home/nwsutton/ros_ws/src/mocap_teleop/install/mocap_teleop/lib/python3.12/site-packages/mocap_teleop/mapper/motion_mapper.py
-- Installing: /home/nwsutton/ros_ws/src/mocap_teleop/install/mocap_teleop/lib/python3.12/site-packages/mocap_teleop/networking
-- Installing: /home/nwsutton/ros_ws/src/mocap_teleop/install/mocap_teleop/lib/python3.12/site-packages/mocap_teleop/networking/__init__.py
-- Installing: /home/nwsutton/ros_ws/src/mocap_teleop/install/mocap_teleop/lib/python3.12/site-packages/mocap_teleop/networking/natnet_node.py
-- Installing: /home/nwsutton/ros_ws/src/mocap_teleop/install/mocap_teleop/lib/python3.12/site-packages/mocap_teleop/ctrl
-- Installing: /home/nwsutton/ros_ws/src/mocap_teleop/install/mocap_teleop/lib/python3.12/site-packages/mocap_teleop/ctrl/__init__.py
-- Installing: /home/nwsutton/ros_ws/src/mocap_teleop/install/mocap_teleop/lib/python3.12/site-packages/mocap_teleop/ctrl/ctrl_interface.py
-- Installing: /home/nwsutton/ros_ws/src/mocap_teleop/install/mocap_teleop/lib/python3.12/site-packages/mocap_teleop/model
-- Installing: /home/nwsutton/ros_ws/src/mocap_teleop/install/mocap_teleop/lib/python3.12/site-packages/mocap_teleop/model/ModelV1.pth
-- Installing: /home/nwsutton/ros_ws/src/mocap_teleop/install/mocap_teleop/lib/python3.12/site-packages/mocap_teleop/model/train.py
-- Installing: /home/nwsutton/ros_ws/src/mocap_teleop/install/mocap_teleop/lib/python3.12/site-packages/mocap_teleop/model/__init__.py
-- Installing: /home/nwsutton/ros_ws/src/mocap_teleop/install/mocap_teleop/lib/python3.12/site-packages/mocap_teleop/model/gait_classifier.py
-- Installing: /home/nwsutton/ros_ws/src/mocap_teleop/install/mocap_teleop/lib/python3.12/site-packages/mocap_teleop/util
-- Installing: /home/nwsutton/ros_ws/src/mocap_teleop/install/mocap_teleop/lib/python3.12/site-packages/mocap_teleop/util/transforms.py
-- Installing: /home/nwsutton/ros_ws/src/mocap_teleop/install/mocap_teleop/lib/python3.12/site-packages/mocap_teleop/util/__init__.py
-- Installing: /home/nwsutton/ros_ws/src/mocap_teleop/install/mocap_teleop/lib/python3.12/site-packages/mocap_teleop/util/freq_meter.py
-- Installing: /home/nwsutton/ros_ws/src/mocap_teleop/install/mocap_teleop/lib/python3.12/site-packages/mocap_teleop/util/io_parser.py
-- Installing: /home/nwsutton/ros_ws/src/mocap_teleop/install/mocap_teleop/lib/python3.12/site-packages/mocap_teleop/util/performance_metrics.py
-- Installing: /home/nwsutton/ros_ws/src/mocap_teleop/install/mocap_teleop/lib/python3.12/site-packages/mocap_teleop/state
-- Installing: /home/nwsutton/ros_ws/src/mocap_teleop/install/mocap_teleop/lib/python3.12/site-packages/mocap_teleop/state/human.py
-- Installing: /home/nwsutton/ros_ws/src/mocap_teleop/install/mocap_teleop/lib/python3.12/site-packages/mocap_teleop/state/__init__.py
-- Installing: /home/nwsutton/ros_ws/src/mocap_teleop/install/mocap_teleop/lib/python3.12/site-packages/mocap_teleop/modes
-- Installing: /home/nwsutton/ros_ws/src/mocap_teleop/install/mocap_teleop/lib/python3.12/site-packages/mocap_teleop/modes/online_node.py
-- Installing: /home/nwsutton/ros_ws/src/mocap_teleop/install/mocap_teleop/lib/python3.12/site-packages/mocap_teleop/modes/__init__.py
-- Installing: /home/nwsutton/ros_ws/src/mocap_teleop/install/mocap_teleop/lib/python3.12/site-packages/mocap_teleop/modes/offline_node.py
-- Installing: /home/nwsutton/ros_ws/src/mocap_teleop/install/mocap_teleop/lib/python3.12/site-packages/mocap_teleop/teleop_node.py
Listing '/home/nwsutton/ros_ws/src/mocap_teleop/install/mocap_teleop/lib/python3.12/site-packages/mocap_teleop'...
Compiling '/home/nwsutton/ros_ws/src/mocap_teleop/install/mocap_teleop/lib/python3.12/site-packages/mocap_teleop/__init__.py'...
Listing '/home/nwsutton/ros_ws/src/mocap_teleop/install/mocap_teleop/lib/python3.12/site-packages/mocap_teleop/ctrl'...
Compiling '/home/nwsutton/ros_ws/src/mocap_teleop/install/mocap_teleop/lib/python3.12/site-packages/mocap_teleop/ctrl/__init__.py'...
Compiling '/home/nwsutton/ros_ws/src/mocap_teleop/install/mocap_teleop/lib/python3.12/site-packages/mocap_teleop/ctrl/ctrl_interface.py'...
Listing '/home/nwsutton/ros_ws/src/mocap_teleop/install/mocap_teleop/lib/python3.12/site-packages/mocap_teleop/mapper'...
Compiling '/home/nwsutton/ros_ws/src/mocap_teleop/install/mocap_teleop/lib/python3.12/site-packages/mocap_teleop/mapper/__init__.py'...
Compiling '/home/nwsutton/ros_ws/src/mocap_teleop/install/mocap_teleop/lib/python3.12/site-packages/mocap_teleop/mapper/motion_mapper.py'...
Listing '/home/nwsutton/ros_ws/src/mocap_teleop/install/mocap_teleop/lib/python3.12/site-packages/mocap_teleop/model'...
Compiling '/home/nwsutton/ros_ws/src/mocap_teleop/install/mocap_teleop/lib/python3.12/site-packages/mocap_teleop/model/__init__.py'...
Compiling '/home/nwsutton/ros_ws/src/mocap_teleop/install/mocap_teleop/lib/python3.12/site-packages/mocap_teleop/model/gait_classifier.py'...
Compiling '/home/nwsutton/ros_ws/src/mocap_teleop/install/mocap_teleop/lib/python3.12/site-packages/mocap_teleop/model/train.py'...
Listing '/home/nwsutton/ros_ws/src/mocap_teleop/install/mocap_teleop/lib/python3.12/site-packages/mocap_teleop/modes'...
Compiling '/home/nwsutton/ros_ws/src/mocap_teleop/install/mocap_teleop/lib/python3.12/site-packages/mocap_teleop/modes/__init__.py'...
Compiling '/home/nwsutton/ros_ws/src/mocap_teleop/install/mocap_teleop/lib/python3.12/site-packages/mocap_teleop/modes/offline_node.py'...
Compiling '/home/nwsutton/ros_ws/src/mocap_teleop/install/mocap_teleop/lib/python3.12/site-packages/mocap_teleop/modes/online_node.py'...
Listing '/home/nwsutton/ros_ws/src/mocap_teleop/install/mocap_teleop/lib/python3.12/site-packages/mocap_teleop/networking'...
Compiling '/home/nwsutton/ros_ws/src/mocap_teleop/install/mocap_teleop/lib/python3.12/site-packages/mocap_teleop/networking/__init__.py'...
Compiling '/home/nwsutton/ros_ws/src/mocap_teleop/install/mocap_teleop/lib/python3.12/site-packages/mocap_teleop/networking/natnet_node.py'...
Listing '/home/nwsutton/ros_ws/src/mocap_teleop/install/mocap_teleop/lib/python3.12/site-packages/mocap_teleop/state'...
Compiling '/home/nwsutton/ros_ws/src/mocap_teleop/install/mocap_teleop/lib/python3.12/site-packages/mocap_teleop/state/__init__.py'...
Compiling '/home/nwsutton/ros_ws/src/mocap_teleop/install/mocap_teleop/lib/python3.12/site-packages/mocap_teleop/state/human.py'...
Compiling '/home/nwsutton/ros_ws/src/mocap_teleop/install/mocap_teleop/lib/python3.12/site-packages/mocap_teleop/teleop_node.py'...
Listing '/home/nwsutton/ros_ws/src/mocap_teleop/install/mocap_teleop/lib/python3.12/site-packages/mocap_teleop/util'...
Compiling '/home/nwsutton/ros_ws/src/mocap_teleop/install/mocap_teleop/lib/python3.12/site-packages/mocap_teleop/util/__init__.py'...
Compiling '/home/nwsutton/ros_ws/src/mocap_teleop/install/mocap_teleop/lib/python3.12/site-packages/mocap_teleop/util/freq_meter.py'...
Compiling '/home/nwsutton/ros_ws/src/mocap_teleop/install/mocap_teleop/lib/python3.12/site-packages/mocap_teleop/util/io_parser.py'...
Compiling '/home/nwsutton/ros_ws/src/mocap_teleop/install/mocap_teleop/lib/python3.12/site-packages/mocap_teleop/util/performance_metrics.py'...
Compiling '/home/nwsutton/ros_ws/src/mocap_teleop/install/mocap_teleop/lib/python3.12/site-packages/mocap_teleop/util/transforms.py'...
-- Installing: /home/nwsutton/ros_ws/src/mocap_teleop/install/mocap_teleop/lib/mocap_teleop/online_node.py
-- Installing: /home/nwsutton/ros_ws/src/mocap_teleop/install/mocap_teleop/lib/mocap_teleop/teleop_node.py
-- Installing: /home/nwsutton/ros_ws/src/mocap_teleop/install/mocap_teleop/lib/mocap_teleop/offline_node.py
-- Installing: /home/nwsutton/ros_ws/src/mocap_teleop/install/mocap_teleop/share/mocap_teleop/launch
-- Installing: /home/nwsutton/ros_ws/src/mocap_teleop/install/mocap_teleop/share/mocap_teleop/launch/teleop_offline.launch.py
-- Installing: /home/nwsutton/ros_ws/src/mocap_teleop/install/mocap_teleop/share/mocap_teleop/launch/teleop_online.launch.py
-- Installing: /home/nwsutton/ros_ws/src/mocap_teleop/install/mocap_teleop/share/mocap_teleop/config
-- Installing: /home/nwsutton/ros_ws/src/mocap_teleop/install/mocap_teleop/share/mocap_teleop/config/config.toml
-- Installing: /home/nwsutton/ros_ws/src/mocap_teleop/install/mocap_teleop/share/ament_index/resource_index/package_run_dependencies/mocap_teleop
-- Installing: /home/nwsutton/ros_ws/src/mocap_teleop/install/mocap_teleop/share/ament_index/resource_index/parent_prefix_path/mocap_teleop
-- Installing: /home/nwsutton/ros_ws/src/mocap_teleop/install/mocap_teleop/share/mocap_teleop/environment/ament_prefix_path.sh
-- Installing: /home/nwsutton/ros_ws/src/mocap_teleop/install/mocap_teleop/share/mocap_teleop/environment/ament_prefix_path.dsv
-- Installing: /home/nwsutton/ros_ws/src/mocap_teleop/install/mocap_teleop/share/mocap_teleop/environment/path.sh
-- Installing: /home/nwsutton/ros_ws/src/mocap_teleop/install/mocap_teleop/share/mocap_teleop/environment/path.dsv
-- Installing: /home/nwsutton/ros_ws/src/mocap_teleop/install/mocap_teleop/share/mocap_teleop/local_setup.bash
-- Installing: /home/nwsutton/ros_ws/src/mocap_teleop/install/mocap_teleop/share/mocap_teleop/local_setup.sh
-- Installing: /home/nwsutton/ros_ws/src/mocap_teleop/install/mocap_teleop/share/mocap_teleop/local_setup.zsh
-- Installing: /home/nwsutton/ros_ws/src/mocap_teleop/install/mocap_teleop/share/mocap_teleop/local_setup.dsv
-- Installing: /home/nwsutton/ros_ws/src/mocap_teleop/install/mocap_teleop/share/mocap_teleop/package.dsv
-- Installing: /home/nwsutton/ros_ws/src/mocap_teleop/install/mocap_teleop/share/ament_index/resource_index/packages/mocap_teleop
-- Installing: /home/nwsutton/ros_ws/src/mocap_teleop/install/mocap_teleop/share/mocap_teleop/cmake/mocap_teleopConfig.cmake
-- Installing: /home/nwsutton/ros_ws/src/mocap_teleop/install/mocap_teleop/share/mocap_teleop/cmake/mocap_teleopConfig-version.cmake
-- Installing: /home/nwsutton/ros_ws/src/mocap_teleop/install/mocap_teleop/share/mocap_teleop/package.xml
