[0.203s] DEBUG:colcon:Command line arguments: ['/usr/bin/colcon', 'build', '--packages-select', 'mocap_teleop_msgs', 'mocap_teleop']
[0.203s] DEBUG:colcon:Parsed command line arguments: Namespace(log_base=None, log_level=None, verb_name='build', build_base='build', install_base='install', merge_install=False, symlink_install=False, test_result_base=None, continue_on_error=False, executor='parallel', parallel_workers=16, event_handlers=None, ignore_user_meta=False, metas=['./colcon.meta'], base_paths=['.'], packages_ignore=None, packages_ignore_regex=None, paths=None, packages_up_to=None, packages_up_to_regex=None, packages_above=None, packages_above_and_dependencies=None, packages_above_depth=None, packages_select_by_dep=None, packages_skip_by_dep=None, packages_skip_up_to=None, packages_select_build_failed=False, packages_skip_build_finished=False, packages_select_test_failures=False, packages_skip_test_passed=False, packages_select=['mocap_teleop_msgs', 'mocap_teleop'], packages_skip=None, packages_select_regex=None, packages_skip_regex=None, packages_start=None, packages_end=None, allow_overriding=[], cmake_args=None, cmake_target=None, cmake_target_skip_unavailable=False, cmake_clean_cache=False, cmake_clean_first=False, cmake_force_configure=False, ament_cmake_args=None, catkin_cmake_args=None, catkin_skip_building_tests=False, mixin_files=None, mixin=None, verb_parser=<colcon_mixin.mixin.mixin_argument.MixinArgumentDecorator object at 0x7f5c6a916660>, verb_extension=<colcon_core.verb.build.BuildVerb object at 0x7f5c6aa7a240>, main=<bound method BuildVerb.main of <colcon_core.verb.build.BuildVerb object at 0x7f5c6aa7a240>>, mixin_verb=('build',))
[0.267s] Level 1:colcon.colcon_core.package_discovery:discover_packages(colcon_meta) check parameters
[0.267s] Level 1:colcon.colcon_core.package_discovery:discover_packages(recursive) check parameters
[0.267s] Level 1:colcon.colcon_core.package_discovery:discover_packages(ignore) check parameters
[0.267s] Level 1:colcon.colcon_core.package_discovery:discover_packages(path) check parameters
[0.268s] Level 1:colcon.colcon_core.package_discovery:discover_packages(colcon_meta) discover
[0.268s] Level 1:colcon.colcon_core.package_discovery:discover_packages(recursive) discover
[0.268s] INFO:colcon.colcon_core.package_discovery:Crawling recursively for packages in '/home/nwsutton/ros_ws/src/mocap_teleop'
[0.268s] Level 1:colcon.colcon_core.package_identification:_identify(.) by extensions ['ignore', 'ignore_ament_install']
[0.268s] Level 1:colcon.colcon_core.package_identification:_identify(.) by extension 'ignore'
[0.268s] Level 1:colcon.colcon_core.package_identification:_identify(.) by extension 'ignore_ament_install'
[0.268s] Level 1:colcon.colcon_core.package_identification:_identify(.) by extensions ['colcon_pkg']
[0.268s] Level 1:colcon.colcon_core.package_identification:_identify(.) by extension 'colcon_pkg'
[0.269s] Level 1:colcon.colcon_core.package_identification:_identify(.) by extensions ['colcon_meta']
[0.269s] Level 1:colcon.colcon_core.package_identification:_identify(.) by extension 'colcon_meta'
[0.269s] Level 1:colcon.colcon_core.package_identification:_identify(.) by extensions ['ros']
[0.269s] Level 1:colcon.colcon_core.package_identification:_identify(.) by extension 'ros'
[0.312s] DEBUG:colcon.colcon_core.package_identification:Package '.' with type 'ros.ament_cmake' and name 'mocap_teleop'
[0.313s] Level 1:colcon.colcon_core.package_discovery:discover_packages(recursive) using defaults
[0.313s] Level 1:colcon.colcon_core.package_discovery:discover_packages(ignore) discover
[0.313s] Level 1:colcon.colcon_core.package_discovery:discover_packages(ignore) using defaults
[0.313s] Level 1:colcon.colcon_core.package_discovery:discover_packages(path) discover
[0.313s] Level 1:colcon.colcon_core.package_discovery:discover_packages(path) using defaults
[0.313s] WARNING:colcon.colcon_core.package_selection:ignoring unknown package 'mocap_teleop_msgs' in --packages-select
[0.342s] Level 1:colcon.colcon_core.package_discovery:discover_packages(prefix_path) check parameters
[0.342s] Level 1:colcon.colcon_core.package_discovery:discover_packages(prefix_path) discover
[0.344s] WARNING:colcon.colcon_ros.prefix_path.ament:The path '/home/*your_unity_id*/*your_workspace_name*/install/csc495_003_p1_tfsexport' in the environment variable AMENT_PREFIX_PATH doesn't exist
[0.347s] DEBUG:colcon.colcon_installed_package_information.package_discovery:Found 200 installed packages in /opt/ros/jazzy
[0.348s] Level 1:colcon.colcon_core.package_discovery:discover_packages(prefix_path) using defaults
[0.393s] Level 5:colcon.colcon_core.verb:set package 'mocap_teleop' build argument 'cmake_args' from command line to 'None'
[0.393s] Level 5:colcon.colcon_core.verb:set package 'mocap_teleop' build argument 'cmake_target' from command line to 'None'
[0.393s] Level 5:colcon.colcon_core.verb:set package 'mocap_teleop' build argument 'cmake_target_skip_unavailable' from command line to 'False'
[0.393s] Level 5:colcon.colcon_core.verb:set package 'mocap_teleop' build argument 'cmake_clean_cache' from command line to 'False'
[0.393s] Level 5:colcon.colcon_core.verb:set package 'mocap_teleop' build argument 'cmake_clean_first' from command line to 'False'
[0.393s] Level 5:colcon.colcon_core.verb:set package 'mocap_teleop' build argument 'cmake_force_configure' from command line to 'False'
[0.393s] Level 5:colcon.colcon_core.verb:set package 'mocap_teleop' build argument 'ament_cmake_args' from command line to 'None'
[0.393s] Level 5:colcon.colcon_core.verb:set package 'mocap_teleop' build argument 'catkin_cmake_args' from command line to 'None'
[0.393s] Level 5:colcon.colcon_core.verb:set package 'mocap_teleop' build argument 'catkin_skip_building_tests' from command line to 'False'
[0.393s] DEBUG:colcon.colcon_core.verb:Building package 'mocap_teleop' with the following arguments: {'ament_cmake_args': None, 'build_base': '/home/nwsutton/ros_ws/src/mocap_teleop/build/mocap_teleop', 'catkin_cmake_args': None, 'catkin_skip_building_tests': False, 'cmake_args': None, 'cmake_clean_cache': False, 'cmake_clean_first': False, 'cmake_force_configure': False, 'cmake_target': None, 'cmake_target_skip_unavailable': False, 'install_base': '/home/nwsutton/ros_ws/src/mocap_teleop/install/mocap_teleop', 'merge_install': False, 'path': '/home/nwsutton/ros_ws/src/mocap_teleop', 'symlink_install': False, 'test_result_base': None}
[0.393s] INFO:colcon.colcon_core.executor:Executing jobs using 'parallel' executor
[0.396s] DEBUG:colcon.colcon_parallel_executor.executor.parallel:run_until_complete
[0.396s] INFO:colcon.colcon_ros.task.ament_cmake.build:Building ROS package in '/home/nwsutton/ros_ws/src/mocap_teleop' with build type 'ament_cmake'
[0.396s] INFO:colcon.colcon_cmake.task.cmake.build:Building CMake package in '/home/nwsutton/ros_ws/src/mocap_teleop'
[0.400s] INFO:colcon.colcon_core.plugin_system:Skipping extension 'colcon_core.shell.bat': Not used on non-Windows systems
[0.400s] INFO:colcon.colcon_core.shell:Skip shell extension 'powershell' for command environment: Not usable outside of PowerShell
[0.400s] DEBUG:colcon.colcon_core.shell:Skip shell extension 'dsv' for command environment
[0.418s] DEBUG:colcon.colcon_core.event_handler.log_command:Invoking command in '/home/nwsutton/ros_ws/src/mocap_teleop/build/mocap_teleop': CMAKE_PREFIX_PATH=${CMAKE_PREFIX_PATH}:/opt/ros/jazzy:/home/*your_unity_id*/*your_workspace_name*/install/csc495_003_p1_tfsexport DEBUGINFOD_URLS=https://debuginfod.fedoraproject.org/ PS1=\[\e[1m\]\u@\h\[\e[0m\][./\W]\[\e[1m\]\\$\[\e[0m\] /usr/bin/cmake --build /home/nwsutton/ros_ws/src/mocap_teleop/build/mocap_teleop -- -j16 -l16
[1.080s] DEBUG:colcon.colcon_core.event_handler.log_command:Invoked command in '/home/nwsutton/ros_ws/src/mocap_teleop/build/mocap_teleop' returned '0': CMAKE_PREFIX_PATH=${CMAKE_PREFIX_PATH}:/opt/ros/jazzy:/home/*your_unity_id*/*your_workspace_name*/install/csc495_003_p1_tfsexport DEBUGINFOD_URLS=https://debuginfod.fedoraproject.org/ PS1=\[\e[1m\]\u@\h\[\e[0m\][./\W]\[\e[1m\]\\$\[\e[0m\] /usr/bin/cmake --build /home/nwsutton/ros_ws/src/mocap_teleop/build/mocap_teleop -- -j16 -l16
[1.100s] DEBUG:colcon.colcon_core.event_handler.log_command:Invoking command in '/home/nwsutton/ros_ws/src/mocap_teleop/build/mocap_teleop': CMAKE_PREFIX_PATH=${CMAKE_PREFIX_PATH}:/opt/ros/jazzy:/home/*your_unity_id*/*your_workspace_name*/install/csc495_003_p1_tfsexport DEBUGINFOD_URLS=https://debuginfod.fedoraproject.org/ PS1=\[\e[1m\]\u@\h\[\e[0m\][./\W]\[\e[1m\]\\$\[\e[0m\] /usr/bin/cmake --install /home/nwsutton/ros_ws/src/mocap_teleop/build/mocap_teleop
[1.224s] Level 1:colcon.colcon_core.environment:create_environment_scripts_only(mocap_teleop)
[1.226s] DEBUG:colcon.colcon_core.event_handler.log_command:Invoked command in '/home/nwsutton/ros_ws/src/mocap_teleop/build/mocap_teleop' returned '0': CMAKE_PREFIX_PATH=${CMAKE_PREFIX_PATH}:/opt/ros/jazzy:/home/*your_unity_id*/*your_workspace_name*/install/csc495_003_p1_tfsexport DEBUGINFOD_URLS=https://debuginfod.fedoraproject.org/ PS1=\[\e[1m\]\u@\h\[\e[0m\][./\W]\[\e[1m\]\\$\[\e[0m\] /usr/bin/cmake --install /home/nwsutton/ros_ws/src/mocap_teleop/build/mocap_teleop
[1.230s] Level 1:colcon.colcon_core.environment:checking '/home/nwsutton/ros_ws/src/mocap_teleop/install/mocap_teleop' for CMake module files
[1.231s] Level 1:colcon.colcon_core.environment:checking '/home/nwsutton/ros_ws/src/mocap_teleop/install/mocap_teleop' for CMake config files
[1.231s] Level 1:colcon.colcon_core.shell:create_environment_hook('mocap_teleop', 'cmake_prefix_path')
[1.232s] INFO:colcon.colcon_core.shell:Creating environment hook '/home/nwsutton/ros_ws/src/mocap_teleop/install/mocap_teleop/share/mocap_teleop/hook/cmake_prefix_path.ps1'
[1.233s] INFO:colcon.colcon_core.shell:Creating environment descriptor '/home/nwsutton/ros_ws/src/mocap_teleop/install/mocap_teleop/share/mocap_teleop/hook/cmake_prefix_path.dsv'
[1.233s] INFO:colcon.colcon_core.shell:Creating environment hook '/home/nwsutton/ros_ws/src/mocap_teleop/install/mocap_teleop/share/mocap_teleop/hook/cmake_prefix_path.sh'
[1.234s] Level 1:colcon.colcon_core.environment:checking '/home/nwsutton/ros_ws/src/mocap_teleop/install/mocap_teleop/lib'
[1.235s] Level 1:colcon.colcon_core.environment:checking '/home/nwsutton/ros_ws/src/mocap_teleop/install/mocap_teleop/bin'
[1.235s] Level 1:colcon.colcon_core.environment:checking '/home/nwsutton/ros_ws/src/mocap_teleop/install/mocap_teleop/lib/pkgconfig/mocap_teleop.pc'
[1.235s] Level 1:colcon.colcon_core.environment:checking '/home/nwsutton/ros_ws/src/mocap_teleop/install/mocap_teleop/lib/python3.12/site-packages'
[1.235s] Level 1:colcon.colcon_core.shell:create_environment_hook('mocap_teleop', 'pythonpath')
[1.236s] INFO:colcon.colcon_core.shell:Creating environment hook '/home/nwsutton/ros_ws/src/mocap_teleop/install/mocap_teleop/share/mocap_teleop/hook/pythonpath.ps1'
[1.236s] INFO:colcon.colcon_core.shell:Creating environment descriptor '/home/nwsutton/ros_ws/src/mocap_teleop/install/mocap_teleop/share/mocap_teleop/hook/pythonpath.dsv'
[1.237s] INFO:colcon.colcon_core.shell:Creating environment hook '/home/nwsutton/ros_ws/src/mocap_teleop/install/mocap_teleop/share/mocap_teleop/hook/pythonpath.sh'
[1.238s] Level 1:colcon.colcon_core.environment:checking '/home/nwsutton/ros_ws/src/mocap_teleop/install/mocap_teleop/bin'
[1.238s] INFO:colcon.colcon_core.shell:Creating package script '/home/nwsutton/ros_ws/src/mocap_teleop/install/mocap_teleop/share/mocap_teleop/package.ps1'
[1.239s] INFO:colcon.colcon_core.shell:Creating package descriptor '/home/nwsutton/ros_ws/src/mocap_teleop/install/mocap_teleop/share/mocap_teleop/package.dsv'
[1.240s] INFO:colcon.colcon_core.shell:Creating package script '/home/nwsutton/ros_ws/src/mocap_teleop/install/mocap_teleop/share/mocap_teleop/package.sh'
[1.241s] INFO:colcon.colcon_core.shell:Creating package script '/home/nwsutton/ros_ws/src/mocap_teleop/install/mocap_teleop/share/mocap_teleop/package.bash'
[1.242s] INFO:colcon.colcon_core.shell:Creating package script '/home/nwsutton/ros_ws/src/mocap_teleop/install/mocap_teleop/share/mocap_teleop/package.zsh'
[1.242s] Level 1:colcon.colcon_core.environment:create_file_with_runtime_dependencies(/home/nwsutton/ros_ws/src/mocap_teleop/install/mocap_teleop/share/colcon-core/packages/mocap_teleop)
[1.243s] Level 1:colcon.colcon_core.environment:create_environment_scripts_only(mocap_teleop)
[1.243s] Level 1:colcon.colcon_core.environment:checking '/home/nwsutton/ros_ws/src/mocap_teleop/install/mocap_teleop' for CMake module files
[1.244s] Level 1:colcon.colcon_core.environment:checking '/home/nwsutton/ros_ws/src/mocap_teleop/install/mocap_teleop' for CMake config files
[1.245s] Level 1:colcon.colcon_core.shell:create_environment_hook('mocap_teleop', 'cmake_prefix_path')
[1.245s] INFO:colcon.colcon_core.shell:Creating environment hook '/home/nwsutton/ros_ws/src/mocap_teleop/install/mocap_teleop/share/mocap_teleop/hook/cmake_prefix_path.ps1'
[1.245s] INFO:colcon.colcon_core.shell:Creating environment descriptor '/home/nwsutton/ros_ws/src/mocap_teleop/install/mocap_teleop/share/mocap_teleop/hook/cmake_prefix_path.dsv'
[1.246s] INFO:colcon.colcon_core.shell:Creating environment hook '/home/nwsutton/ros_ws/src/mocap_teleop/install/mocap_teleop/share/mocap_teleop/hook/cmake_prefix_path.sh'
[1.247s] Level 1:colcon.colcon_core.environment:checking '/home/nwsutton/ros_ws/src/mocap_teleop/install/mocap_teleop/lib'
[1.247s] Level 1:colcon.colcon_core.environment:checking '/home/nwsutton/ros_ws/src/mocap_teleop/install/mocap_teleop/bin'
[1.247s] Level 1:colcon.colcon_core.environment:checking '/home/nwsutton/ros_ws/src/mocap_teleop/install/mocap_teleop/lib/pkgconfig/mocap_teleop.pc'
[1.247s] Level 1:colcon.colcon_core.environment:checking '/home/nwsutton/ros_ws/src/mocap_teleop/install/mocap_teleop/lib/python3.12/site-packages'
[1.248s] Level 1:colcon.colcon_core.shell:create_environment_hook('mocap_teleop', 'pythonpath')
[1.248s] INFO:colcon.colcon_core.shell:Creating environment hook '/home/nwsutton/ros_ws/src/mocap_teleop/install/mocap_teleop/share/mocap_teleop/hook/pythonpath.ps1'
[1.248s] INFO:colcon.colcon_core.shell:Creating environment descriptor '/home/nwsutton/ros_ws/src/mocap_teleop/install/mocap_teleop/share/mocap_teleop/hook/pythonpath.dsv'
[1.249s] INFO:colcon.colcon_core.shell:Creating environment hook '/home/nwsutton/ros_ws/src/mocap_teleop/install/mocap_teleop/share/mocap_teleop/hook/pythonpath.sh'
[1.250s] Level 1:colcon.colcon_core.environment:checking '/home/nwsutton/ros_ws/src/mocap_teleop/install/mocap_teleop/bin'
[1.250s] INFO:colcon.colcon_core.shell:Creating package script '/home/nwsutton/ros_ws/src/mocap_teleop/install/mocap_teleop/share/mocap_teleop/package.ps1'
[1.251s] INFO:colcon.colcon_core.shell:Creating package descriptor '/home/nwsutton/ros_ws/src/mocap_teleop/install/mocap_teleop/share/mocap_teleop/package.dsv'
[1.252s] INFO:colcon.colcon_core.shell:Creating package script '/home/nwsutton/ros_ws/src/mocap_teleop/install/mocap_teleop/share/mocap_teleop/package.sh'
[1.253s] INFO:colcon.colcon_core.shell:Creating package script '/home/nwsutton/ros_ws/src/mocap_teleop/install/mocap_teleop/share/mocap_teleop/package.bash'
[1.254s] INFO:colcon.colcon_core.shell:Creating package script '/home/nwsutton/ros_ws/src/mocap_teleop/install/mocap_teleop/share/mocap_teleop/package.zsh'
[1.254s] Level 1:colcon.colcon_core.environment:create_file_with_runtime_dependencies(/home/nwsutton/ros_ws/src/mocap_teleop/install/mocap_teleop/share/colcon-core/packages/mocap_teleop)
[1.255s] DEBUG:colcon.colcon_parallel_executor.executor.parallel:closing loop
[1.256s] DEBUG:colcon.colcon_parallel_executor.executor.parallel:loop closed
[1.256s] DEBUG:colcon.colcon_parallel_executor.executor.parallel:run_until_complete finished with '0'
[1.256s] DEBUG:colcon.colcon_core.event_reactor:joining thread
[1.276s] INFO:colcon.colcon_core.plugin_system:Skipping extension 'colcon_notification.desktop_notification.notify_send': Could not find 'notify-send'
[1.276s] INFO:colcon.colcon_core.plugin_system:Skipping extension 'colcon_notification.desktop_notification.terminal_notifier': Not used on non-Darwin systems
[1.276s] INFO:colcon.colcon_core.plugin_system:Skipping extension 'colcon_notification.desktop_notification.win32': Not used on non-Windows systems
[1.276s] INFO:colcon.colcon_notification.desktop_notification:Sending desktop notification using 'notify2'
[1.313s] DEBUG:colcon.colcon_core.event_reactor:joined thread
[1.314s] INFO:colcon.colcon_core.shell:Creating prefix script '/home/nwsutton/ros_ws/src/mocap_teleop/install/local_setup.ps1'
[1.316s] INFO:colcon.colcon_core.shell:Creating prefix util module '/home/nwsutton/ros_ws/src/mocap_teleop/install/_local_setup_util_ps1.py'
[1.319s] INFO:colcon.colcon_core.shell:Creating prefix chain script '/home/nwsutton/ros_ws/src/mocap_teleop/install/setup.ps1'
[1.321s] INFO:colcon.colcon_core.shell:Creating prefix script '/home/nwsutton/ros_ws/src/mocap_teleop/install/local_setup.sh'
[1.322s] INFO:colcon.colcon_core.shell:Creating prefix util module '/home/nwsutton/ros_ws/src/mocap_teleop/install/_local_setup_util_sh.py'
[1.323s] INFO:colcon.colcon_core.shell:Creating prefix chain script '/home/nwsutton/ros_ws/src/mocap_teleop/install/setup.sh'
[1.325s] INFO:colcon.colcon_core.shell:Creating prefix script '/home/nwsutton/ros_ws/src/mocap_teleop/install/local_setup.bash'
[1.325s] INFO:colcon.colcon_core.shell:Creating prefix chain script '/home/nwsutton/ros_ws/src/mocap_teleop/install/setup.bash'
[1.327s] INFO:colcon.colcon_core.shell:Creating prefix script '/home/nwsutton/ros_ws/src/mocap_teleop/install/local_setup.zsh'
[1.328s] INFO:colcon.colcon_core.shell:Creating prefix chain script '/home/nwsutton/ros_ws/src/mocap_teleop/install/setup.zsh'
